Archive member included to satisfy reference by file (symbol)

c:/nxp/mcuxpressoide_11.6.1_8255/ide/plugins/com.nxp.mcuxpresso.tools.win32_11.6.1.202207200623/tools/bin/../lib/gcc/arm-none-eabi/10.3.1/../../../../arm-none-eabi/lib/thumb/v6-m/nofp\libcr_nohost_nf.a(_cr__main.o)
                              ./startup/startup_mkl46z4.o (__main)
c:/nxp/mcuxpressoide_11.6.1_8255/ide/plugins/com.nxp.mcuxpresso.tools.win32_11.6.1.202207200623/tools/bin/../lib/gcc/arm-none-eabi/10.3.1/../../../../arm-none-eabi/lib/thumb/v6-m/nofp\libcr_nohost_nf.a(_cr_assert.o)
                              ./utilities/fsl_debug_console.o (__assertion_failed)
c:/nxp/mcuxpressoide_11.6.1_8255/ide/plugins/com.nxp.mcuxpresso.tools.win32_11.6.1.202207200623/tools/bin/../lib/gcc/arm-none-eabi/10.3.1/../../../../arm-none-eabi/lib/thumb/v6-m/nofp\libcr_nohost_nf.a(__ciob.o)
                              c:/nxp/mcuxpressoide_11.6.1_8255/ide/plugins/com.nxp.mcuxpresso.tools.win32_11.6.1.202207200623/tools/bin/../lib/gcc/arm-none-eabi/10.3.1/../../../../arm-none-eabi/lib/thumb/v6-m/nofp\libcr_nohost_nf.a(_cr_assert.o) (__Ciob)
c:/nxp/mcuxpressoide_11.6.1_8255/ide/plugins/com.nxp.mcuxpresso.tools.win32_11.6.1.202207200623/tools/bin/../lib/gcc/arm-none-eabi/10.3.1/../../../../arm-none-eabi/lib/thumb/v6-m/nofp\libcr_nohost_nf.a(__sys_appexit.o)
                              c:/nxp/mcuxpressoide_11.6.1_8255/ide/plugins/com.nxp.mcuxpresso.tools.win32_11.6.1.202207200623/tools/bin/../lib/gcc/arm-none-eabi/10.3.1/../../../../arm-none-eabi/lib/thumb/v6-m/nofp\libcr_nohost_nf.a(_cr_assert.o) (__sys_appexit)
c:/nxp/mcuxpressoide_11.6.1_8255/ide/plugins/com.nxp.mcuxpresso.tools.win32_11.6.1.202207200623/tools/bin/../lib/gcc/arm-none-eabi/10.3.1/../../../../arm-none-eabi/lib/thumb/v6-m/nofp\libcr_c.a(memcpy.o)
                              ./drivers/fsl_ftfx_cache.o (memcpy)
c:/nxp/mcuxpressoide_11.6.1_8255/ide/plugins/com.nxp.mcuxpresso.tools.win32_11.6.1.202207200623/tools/bin/../lib/gcc/arm-none-eabi/10.3.1/../../../../arm-none-eabi/lib/thumb/v6-m/nofp\libcr_c.a(memset.o)
                              ./utilities/fsl_debug_console.o (memset)
c:/nxp/mcuxpressoide_11.6.1_8255/ide/plugins/com.nxp.mcuxpresso.tools.win32_11.6.1.202207200623/tools/bin/../lib/gcc/arm-none-eabi/10.3.1/../../../../arm-none-eabi/lib/thumb/v6-m/nofp\libcr_c.a(_deferredlazyseek.o)
                              c:/nxp/mcuxpressoide_11.6.1_8255/ide/plugins/com.nxp.mcuxpresso.tools.win32_11.6.1.202207200623/tools/bin/../lib/gcc/arm-none-eabi/10.3.1/../../../../arm-none-eabi/lib/thumb/v6-m/nofp\libcr_nohost_nf.a(_cr_assert.o) (__flsbuf)
c:/nxp/mcuxpressoide_11.6.1_8255/ide/plugins/com.nxp.mcuxpresso.tools.win32_11.6.1.202207200623/tools/bin/../lib/gcc/arm-none-eabi/10.3.1/../../../../arm-none-eabi/lib/thumb/v6-m/nofp\libcr_c.a(_fflush.o)
                              c:/nxp/mcuxpressoide_11.6.1_8255/ide/plugins/com.nxp.mcuxpresso.tools.win32_11.6.1.202207200623/tools/bin/../lib/gcc/arm-none-eabi/10.3.1/../../../../arm-none-eabi/lib/thumb/v6-m/nofp\libcr_c.a(_deferredlazyseek.o) (_fflush)
c:/nxp/mcuxpressoide_11.6.1_8255/ide/plugins/com.nxp.mcuxpresso.tools.win32_11.6.1.202207200623/tools/bin/../lib/gcc/arm-none-eabi/10.3.1/../../../../arm-none-eabi/lib/thumb/v6-m/nofp\libcr_c.a(_writebuf.o)
                              c:/nxp/mcuxpressoide_11.6.1_8255/ide/plugins/com.nxp.mcuxpresso.tools.win32_11.6.1.202207200623/tools/bin/../lib/gcc/arm-none-eabi/10.3.1/../../../../arm-none-eabi/lib/thumb/v6-m/nofp\libcr_c.a(_deferredlazyseek.o) (_Cwritebuf)
c:/nxp/mcuxpressoide_11.6.1_8255/ide/plugins/com.nxp.mcuxpresso.tools.win32_11.6.1.202207200623/tools/bin/../lib/gcc/arm-none-eabi/10.3.1/../../../../arm-none-eabi/lib/thumb/v6-m/nofp\libcr_c.a(alloc.o)
                              ./drivers/fsl_common.o (malloc)
c:/nxp/mcuxpressoide_11.6.1_8255/ide/plugins/com.nxp.mcuxpresso.tools.win32_11.6.1.202207200623/tools/bin/../lib/gcc/arm-none-eabi/10.3.1/../../../../arm-none-eabi/lib/thumb/v6-m/nofp\libcr_c.a(fputs.o)
                              c:/nxp/mcuxpressoide_11.6.1_8255/ide/plugins/com.nxp.mcuxpresso.tools.win32_11.6.1.202207200623/tools/bin/../lib/gcc/arm-none-eabi/10.3.1/../../../../arm-none-eabi/lib/thumb/v6-m/nofp\libcr_nohost_nf.a(_cr_assert.o) (fputs)
c:/nxp/mcuxpressoide_11.6.1_8255/ide/plugins/com.nxp.mcuxpresso.tools.win32_11.6.1.202207200623/tools/bin/../lib/gcc/arm-none-eabi/10.3.1/../../../../arm-none-eabi/lib/thumb/v6-m/nofp\libcr_c.a(fseek.o)
                              c:/nxp/mcuxpressoide_11.6.1_8255/ide/plugins/com.nxp.mcuxpresso.tools.win32_11.6.1.202207200623/tools/bin/../lib/gcc/arm-none-eabi/10.3.1/../../../../arm-none-eabi/lib/thumb/v6-m/nofp\libcr_c.a(_deferredlazyseek.o) (fseek)
c:/nxp/mcuxpressoide_11.6.1_8255/ide/plugins/com.nxp.mcuxpresso.tools.win32_11.6.1.202207200623/tools/bin/../lib/gcc/arm-none-eabi/10.3.1/../../../../arm-none-eabi/lib/thumb/v6-m/nofp\libcr_c.a(ftell.o)
[...]
Memory Configuration

Name             Origin             Length             Attributes
PROGRAM_FLASH    0x00000000         0x00040000         xr
SRAM             0x1fffe000         0x00008000         xrw
*default*        0x00000000         0xffffffff

Linker script and memory map

LOAD ./utilities/fsl_debug_console.o
LOAD ./utilities/fsl_io.o
LOAD ./utilities/fsl_log.o
LOAD ./utilities/fsl_str.o
LOAD ./startup/startup_mkl46z4.o
LOAD ./source/MEF_CALLE_SECUNDARIA.o
LOAD ./source/MEF_MAIN.o
LOAD ./source/MEF_PEATON.o
LOAD ./source/MEF_SUPER.o
LOAD ./source/SD2_board.o
LOAD ./source/key.o
LOAD ./source/main.o
LOAD ./source/mtb.o
LOAD ./source/semihost_hardfault.o
LOAD ./drivers/fsl_clock.o
LOAD ./drivers/fsl_common.o
LOAD ./drivers/fsl_ftfx_cache.o
LOAD ./drivers/fsl_ftfx_controller.o
LOAD ./drivers/fsl_ftfx_flash.o
LOAD ./drivers/fsl_ftfx_flexnvm.o
LOAD ./drivers/fsl_gpio.o
LOAD ./drivers/fsl_i2c.o
LOAD ./drivers/fsl_lpsci.o
LOAD ./drivers/fsl_smc.o
LOAD ./drivers/fsl_uart.o
LOAD ./board/board.o
LOAD ./board/clock_config.o
LOAD ./board/peripherals.o
LOAD ./board/pin_mux.o
LOAD ./CMSIS/system_MKL46Z4.o
START GROUP
LOAD c:/nxp/mcuxpressoide_11.6.1_8255/ide/plugins/com.nxp.mcuxpresso.tools.win32_11.6.1.202207200623/tools/bin/../lib/gcc/arm-none-eabi/10.3.1/../../../../arm-none-eabi/lib/thumb/v6-m/nofp\libcr_nohost_nf.a
LOAD c:/nxp/mcuxpressoide_11.6.1_8255/ide/plugins/com.nxp.mcuxpresso.tools.win32_11.6.1.202207200623/tools/bin/../lib/gcc/arm-none-eabi/10.3.1/../../../../arm-none-eabi/lib/thumb/v6-m/nofp\libcr_c.a
LOAD c:/nxp/mcuxpressoide_11.6.1_8255/ide/plugins/com.nxp.mcuxpresso.tools.win32_11.6.1.202207200623/tools/bin/../lib/gcc/arm-none-eabi/10.3.1/thumb/v6-m/nofp\libcr_eabihelpers.a
LOAD c:/nxp/mcuxpressoide_11.6.1_8255/ide/plugins/com.nxp.mcuxpresso.tools.win32_11.6.1.202207200623/tools/bin/../lib/gcc/arm-none-eabi/10.3.1/thumb/v6-m/nofp\libgcc.a
END GROUP
                0x00000000                __base_PROGRAM_FLASH = 0x0
                0x00000000                __base_Flash = 0x0
                0x00040000                __top_PROGRAM_FLASH = 0x40000
                0x00040000                __top_Flash = 0x40000
                0x1fffe000                __base_SRAM = 0x1fffe000
                0x1fffe000                __base_RAM = 0x1fffe000
                0x20006000                __top_SRAM = 0x20006000
                0x20006000                __top_RAM = 0x20006000

.text           0x00000000     0x1d18
 FILL mask 0xff
                0x00000000                __vectors_start__ = ABSOLUTE (.)
 *(SORT_BY_ALIGNMENT(.isr_vector))
 .isr_vector    0x00000000       0xc0 ./startup/startup_mkl46z4.o
                0x00000000                g_pfnVectors
                0x00000000                __Vectors
                0x000000c0                . = ALIGN (0x4)
                0x000000c0                __section_table_start = .
                0x000000c0                __data_section_table = .
                0x000000c0        0x4 LONG 0x1d18 LOADADDR (.data)
                0x000000c4        0x4 LONG 0x1fffe080 ADDR (.data)
                0x000000c8        0x4 LONG 0x4 SIZEOF (.data)
                0x000000cc                __data_section_table_end = .
                0x000000cc                __bss_section_table = .
                0x000000cc        0x4 LONG 0x1fffe084 ADDR (.bss)
                0x000000d0        0x4 LONG 0x110 SIZEOF (.bss)
                0x000000d4                __bss_section_table_end = .
                0x000000d4                __section_table_end = .
 *(SORT_BY_ALIGNMENT(.after_vectors*))
 .after_vectors.reset
                0x000000d4       0x4c ./startup/startup_mkl46z4.o
                0x000000d4                ResetISR
 .after_vectors.init_data
                0x00000120       0x12 ./startup/startup_mkl46z4.o
                0x00000120                data_init
 .after_vectors.init_bss
                0x00000132       0x10 ./startup/startup_mkl46z4.o
                0x00000132                bss_init
 .after_vectors
                0x00000142      0x10c ./startup/startup_mkl46z4.o
                0x00000142                NMI_Handler
                0x00000146                SVC_Handler
                0x00000148                PendSV_Handler
                0x0000014c                LPTMR0_DriverIRQHandler
                0x0000014c                PORTC_PORTD_DriverIRQHandler
                0x0000014c                SPI1_DriverIRQHandler
                0x0000014c                DMA0_DriverIRQHandler
                0x0000014c                DMA2_DriverIRQHandler
                0x0000014c                CMP0_DriverIRQHandler
                0x0000014c                ADC0_DriverIRQHandler
                0x0000014c                I2S0_DriverIRQHandler
                0x0000014c                SPI0_DriverIRQHandler
                0x0000014c                TPM0_DriverIRQHandler
                0x0000014c                TPM2_DriverIRQHandler
                0x0000014c                DMA1_DriverIRQHandler
                0x0000014c                PIT_DriverIRQHandler
                0x0000014c                LCD_DriverIRQHandler
                0x0000014c                TSI0_DriverIRQHandler
                0x0000014c                RTC_Seconds_DriverIRQHandler
                0x0000014c                RTC_DriverIRQHandler
                0x0000014c                TPM1_DriverIRQHandler
                0x0000014c                LLWU_DriverIRQHandler
                0x0000014c                MCG_DriverIRQHandler
                0x0000014c                PORTA_DriverIRQHandler
                0x0000014c                DMA3_DriverIRQHandler
                0x0000014c                FTFA_DriverIRQHandler
                0x0000014c                IntDefaultHandler
                0x0000014c                USB0_DriverIRQHandler
                0x0000014c                DAC0_DriverIRQHandler
                0x0000014c                LVD_LVW_DriverIRQHandler
                0x0000014c                Reserved20_DriverIRQHandler
                0x0000014e                DMA0_IRQHandler
                0x00000156                DMA1_IRQHandler
                0x0000015e                DMA2_IRQHandler
                0x00000166                DMA3_IRQHandler
                0x0000016e                Reserved20_IRQHandler
                0x00000176                FTFA_IRQHandler
                0x0000017e                LVD_LVW_IRQHandler
                0x00000186                LLWU_IRQHandler
                0x0000018e                I2C0_IRQHandler
                0x00000196                I2C1_IRQHandler
                0x0000019e                SPI0_IRQHandler
                0x000001a6                SPI1_IRQHandler
                0x000001ae                UART0_IRQHandler
                0x000001b6                UART1_IRQHandler
                0x000001be                UART2_IRQHandler
                0x000001c6                ADC0_IRQHandler
                0x000001ce                CMP0_IRQHandler
                0x000001d6                TPM0_IRQHandler
                0x000001de                TPM1_IRQHandler
                0x000001e6                TPM2_IRQHandler
                0x000001ee                RTC_IRQHandler
                0x000001f6                RTC_Seconds_IRQHandler
                0x000001fe                PIT_IRQHandler
                0x00000206                I2S0_IRQHandler
                0x0000020e                USB0_IRQHandler
                0x00000216                DAC0_IRQHandler
                0x0000021e                TSI0_IRQHandler
                0x00000226                MCG_IRQHandler
                0x0000022e                LPTMR0_IRQHandler
                0x00000236                LCD_IRQHandler
                0x0000023e                PORTA_IRQHandler
                0x00000246                PORTC_PORTD_IRQHandler
                0x00000400                . = 0x400
 *fill*         0x0000024e      0x1b2 ff
                0x00000400                PROVIDE (__FLASH_CONFIG_START__ = .)
 *(SORT_BY_ALIGNMENT(.FlashConfig))
 .FlashConfig   0x00000400       0x10 ./startup/startup_mkl46z4.o
                0x00000400                Flash_Config
                0x00000410                PROVIDE (__FLASH_CONFIG_END__ = .)
                0x00000001                ASSERT (! ((__FLASH_CONFIG_START__ == __FLASH_CONFIG_END__)), Linker Flash Config Support Enabled, but no .FlashConfig section provided within application)
 *(SORT_BY_ALIGNMENT(.text*))
 .text.MefCalleSecundaria
                0x00000410      0x14c ./source/MEF_CALLE_SECUNDARIA.o
                0x00000410                MefCalleSecundaria
 .text.MefCalleSecundaria_init
                0x0000055c       0x14 ./source/MEF_CALLE_SECUNDARIA.o
                0x0000055c                MefCalleSecundaria_init
 .text.MefCalleSecundaria_periodicTask1ms
                0x00000570       0x38 ./source/MEF_CALLE_SECUNDARIA.o
                0x00000570                MefCalleSecundaria_periodicTask1ms
 .text.MefMain  0x000005a8      0x200 ./source/MEF_MAIN.o
                0x000005a8                MefMain
 .text.MefMain_reset
                0x000007a8       0x14 ./source/MEF_MAIN.o
                0x000007a8                MefMain_reset
 .text.MefMain_periodicTask1ms
                0x000007bc       0x38 ./source/MEF_MAIN.o
                0x000007bc                MefMain_periodicTask1ms
 .text.MefPeaton
                0x000007f4      0x16c ./source/MEF_PEATON.o
                0x000007f4                MefPeaton
 .text.MefPeaton_init
                0x00000960       0x14 ./source/MEF_PEATON.o
                0x00000960                MefPeaton_init
 .text.MefPeaton_periodicTask1ms
                0x00000974       0x38 ./source/MEF_PEATON.o
                0x00000974                MefPeaton_periodicTask1ms
 .text.MefSuper
                0x000009ac       0x94 ./source/MEF_SUPER.o
                0x000009ac                MefSuper
 .text.MefSuper_periodicTask1ms
                0x00000a40       0x38 ./source/MEF_SUPER.o
                0x00000a40                MefSuper_periodicTask1ms
 .text.MefSuper_getCarsWaiting
                0x00000a78       0x14 ./source/MEF_SUPER.o
                0x00000a78                MefSuper_getCarsWaiting
 .text.MefSuper_increaseCarsWaiting
                0x00000a8c       0x1c ./source/MEF_SUPER.o
                0x00000a8c                MefSuper_increaseCarsWaiting
 .text.MefSuper_decreaseCarsWaiting
                0x00000aa8       0x24 ./source/MEF_SUPER.o
                0x00000aa8                MefSuper_decreaseCarsWaiting
 .text.MefSuper_increaseCarsCrossed
                0x00000acc       0x1c ./source/MEF_SUPER.o
                0x00000acc                MefSuper_increaseCarsCrossed
 .text.CLOCK_EnableClock
                0x00000ae8       0x34 ./source/SD2_board.o
 .text.PORT_SetPinConfig
                0x00000b1c       0x38 ./source/SD2_board.o
 .text.board_init
                0x00000b54      0x178 ./source/SD2_board.o
                0x00000b54                board_init
 .text.board_setLed
                0x00000ccc       0xd8 ./source/SD2_board.o
                0x00000ccc                board_setLed
 .text.board_getSw
                0x00000da4       0x50 ./source/SD2_board.o
                0x00000da4                board_getSw
 .text.key_init
                0x00000df4       0x40 ./source/key.o
                0x00000df4                key_init
 .text.key_getPressEv
                0x00000e34       0x44 ./source/key.o
                0x00000e34                key_getPressEv
 .text.key_periodicTask1ms
                0x00000e78       0x98 ./source/key.o
                0x00000e78                key_periodicTask1ms
 .text.__NVIC_SetPriority
                0x00000f10       0xdc ./source/main.o
 .text.SysTick_Config
                0x00000fec       0x48 ./source/main.o
 .text.main     0x00001034       0x2c ./source/main.o
                0x00001034                main
 .text.HardFault_Handler
                0x00001060       0x30 ./source/semihost_hardfault.o
                0x00001060                HardFault_Handler
 .text.GPIO_PinInit
                0x00001090       0x64 ./drivers/fsl_gpio.o
                0x00001090                GPIO_PinInit
 .text.I2C_TransferCommonIRQHandler
                0x000010f4       0x58 ./drivers/fsl_i2c.o
 .text.I2C0_DriverIRQHandler
                0x0000114c       0x20 ./drivers/fsl_i2c.o
                0x0000114c                I2C0_DriverIRQHandler
 .text.I2C1_DriverIRQHandler
                0x0000116c       0x20 ./drivers/fsl_i2c.o
                0x0000116c                I2C1_DriverIRQHandler
 .text.UART0_DriverIRQHandler
                0x0000118c       0x24 ./drivers/fsl_lpsci.o
                0x0000118c                UART0_DriverIRQHandler
 .text.UART1_DriverIRQHandler
                0x000011b0       0x24 ./drivers/fsl_uart.o
                0x000011b0                UART1_DriverIRQHandler
 .text.UART2_DriverIRQHandler
                0x000011d4       0x24 ./drivers/fsl_uart.o
                0x000011d4                UART2_DriverIRQHandler
 .text.SystemInit
                0x000011f8       0x1c ./CMSIS/system_MKL46Z4.o
                0x000011f8                SystemInit
 .text.__assertion_failed
                0x00001214       0x4c c:/nxp/mcuxpressoide_11.6.1_8255/ide/plugins/com.nxp.mcuxpresso.tools.win32_11.6.1.202207200623/tools/bin/../lib/gcc/arm-none-eabi/10.3.1/../../../../arm-none-eabi/lib/thumb/v6-m/nofp\libcr_nohost_nf.a(_cr_assert.o)
                0x00001214                __assertion_failed
 .text._deferredlazyseek
                0x00001260       0x40 c:/nxp/mcuxpressoide_11.6.1_8255/ide/plugins/com.nxp.mcuxpresso.tools.win32_11.6.1.202207200623/tools/bin/../lib/gcc/arm-none-eabi/10.3.1/../../../../arm-none-eabi/lib/thumb/v6-m/nofp\libcr_c.a(_deferredlazyseek.o)
                0x00001260                _deferredlazyseek
 .text.__flsbuf
                0x000012a0      0x150 c:/nxp/mcuxpressoide_11.6.1_8255/ide/plugins/com.nxp.mcuxpresso.tools.win32_11.6.1.202207200623/tools/bin/../lib/gcc/arm-none-eabi/10.3.1/../../../../arm-none-eabi/lib/thumb/v6-m/nofp\libcr_c.a(_deferredlazyseek.o)
                0x000012a0                __flsbuf
 .text._fflush  0x000013f0       0x60 c:/nxp/mcuxpressoide_11.6.1_8255/ide/plugins/com.nxp.mcuxpresso.tools.win32_11.6.1.202207200623/tools/bin/../lib/gcc/arm-none-eabi/10.3.1/../../../../arm-none-eabi/lib/thumb/v6-m/nofp\libcr_c.a(_fflush.o)
                0x000013f0                _fflush
 .text._Cwritebuf
                0x00001450       0x68 c:/nxp/mcuxpressoide_11.6.1_8255/ide/plugins/com.nxp.mcuxpresso.tools.win32_11.6.1.202207200623/tools/bin/../lib/gcc/arm-none-eabi/10.3.1/../../../../arm-none-eabi/lib/thumb/v6-m/nofp\libcr_c.a(_writebuf.o)
                0x00001450                _Cwritebuf
 .text.malloc   0x000014b8       0xcc c:/nxp/mcuxpressoide_11.6.1_8255/ide/plugins/com.nxp.mcuxpresso.tools.win32_11.6.1.202207200623/tools/bin/../lib/gcc/arm-none-eabi/10.3.1/../../../../arm-none-eabi/lib/thumb/v6-m/nofp\libcr_c.a(alloc.o)
                0x000014b8                malloc
 .text._Csys_alloc
                0x00001584       0x20 c:/nxp/mcuxpressoide_11.6.1_8255/ide/plugins/com.nxp.mcuxpresso.tools.win32_11.6.1.202207200623/tools/bin/../lib/gcc/arm-none-eabi/10.3.1/../../../../arm-none-eabi/lib/thumb/v6-m/nofp\libcr_c.a(alloc.o)
                0x00001584                _Csys_alloc
 .text.fseek    0x000015a4       0xf0 c:/nxp/mcuxpressoide_11.6.1_8255/ide/plugins/com.nxp.mcuxpresso.tools.win32_11.6.1.202207200623/tools/bin/../lib/gcc/arm-none-eabi/10.3.1/../../../../arm-none-eabi/lib/thumb/v6-m/nofp\libcr_c.a(fseek.o)
                0x000015a4                fseek
 .text.ftell    0x00001694       0x48 c:/nxp/mcuxpressoide_11.6.1_8255/ide/plugins/com.nxp.mcuxpresso.tools.win32_11.6.1.202207200623/tools/bin/../lib/gcc/arm-none-eabi/10.3.1/../../../../arm-none-eabi/lib/thumb/v6-m/nofp\libcr_c.a(ftell.o)
                0x00001694                ftell
 .text._initio  0x000016dc       0x7c c:/nxp/mcuxpressoide_11.6.1_8255/ide/plugins/com.nxp.mcuxpresso.tools.win32_11.6.1.202207200623/tools/bin/../lib/gcc/arm-none-eabi/10.3.1/../../../../arm-none-eabi/lib/thumb/v6-m/nofp\libcr_c.a(initio.o)
                0x000016dc                _initio
 .text.setvbuf  0x00001758       0x4c c:/nxp/mcuxpressoide_11.6.1_8255/ide/plugins/com.nxp.mcuxpresso.tools.win32_11.6.1.202207200623/tools/bin/../lib/gcc/arm-none-eabi/10.3.1/../../../../arm-none-eabi/lib/thumb/v6-m/nofp\libcr_c.a(setvbuf.o)
                0x00001758                setvbuf
 .text.strlen   0x000017a4       0x58 c:/nxp/mcuxpressoide_11.6.1_8255/ide/plugins/com.nxp.mcuxpresso.tools.win32_11.6.1.202207200623/tools/bin/../lib/gcc/arm-none-eabi/10.3.1/../../../../arm-none-eabi/lib/thumb/v6-m/nofp\libcr_c.a(strlen.o)
                0x000017a4                strlen
 .text._sbrk    0x000017fc       0x44 c:/nxp/mcuxpressoide_11.6.1_8255/ide/plugins/com.nxp.mcuxpresso.tools.win32_11.6.1.202207200623/tools/bin/../lib/gcc/arm-none-eabi/10.3.1/../../../../arm-none-eabi/lib/thumb/v6-m/nofp\libcr_c.a(_cr_sbrk.o)
                0x000017fc                _sbrk
 .text._fdopen  0x00001840       0x74 c:/nxp/mcuxpressoide_11.6.1_8255/ide/plugins/com.nxp.mcuxpresso.tools.win32_11.6.1.202207200623/tools/bin/../lib/gcc/arm-none-eabi/10.3.1/../../../../arm-none-eabi/lib/thumb/v6-m/nofp\libcr_c.a(_fdopen.o)
                0x00001840                _fdopen
 .text.fclose   0x000018b4       0x5c c:/nxp/mcuxpressoide_11.6.1_8255/ide/plugins/com.nxp.mcuxpresso.tools.win32_11.6.1.202207200623/tools/bin/../lib/gcc/arm-none-eabi/10.3.1/../../../../arm-none-eabi/lib/thumb/v6-m/nofp\libcr_c.a(fclose.o)
                0x000018b4                fclose
 .text.fflush   0x00001910       0x44 c:/nxp/mcuxpressoide_11.6.1_8255/ide/plugins/com.nxp.mcuxpresso.tools.win32_11.6.1.202207200623/tools/bin/../lib/gcc/arm-none-eabi/10.3.1/../../../../arm-none-eabi/lib/thumb/v6-m/nofp\libcr_c.a(fflush.o)
                0x00001910                fflush
 .text.__check_heap_overflow
                0x00001954       0x18 c:/nxp/mcuxpressoide_11.6.1_8255/ide/plugins/com.nxp.mcuxpresso.tools.win32_11.6.1.202207200623/tools/bin/../lib/gcc/arm-none-eabi/10.3.1/../../../../arm-none-eabi/lib/thumb/v6-m/nofp\libcr_c.a(_cr_check_heap.o)
                0x00001954                __check_heap_overflow
 .text._do_fflush
                0x0000196c       0x48 c:/nxp/mcuxpressoide_11.6.1_8255/ide/plugins/com.nxp.mcuxpresso.tools.win32_11.6.1.202207200623/tools/bin/../lib/gcc/arm-none-eabi/10.3.1/../../../../arm-none-eabi/lib/thumb/v6-m/nofp\libcr_c.a(_do_fflush.o)
                0x0000196c                _do_fflush
 .text.GPIO_PortSet
                0x000019b4       0x18 ./source/SD2_board.o
 .text.GPIO_PortClear
                0x000019cc       0x18 ./source/SD2_board.o
 .text.GPIO_PortToggle
                0x000019e4       0x18 ./source/SD2_board.o
 .text.GPIO_PinRead
                0x000019fc       0x20 ./source/SD2_board.o
 .text.GPIO_ReadPinInput
                0x00001a1c       0x20 ./source/SD2_board.o
 .text.SysTick_Handler
                0x00001a3c       0x12 ./source/main.o
                0x00001a3c                SysTick_Handler
 .text.GPIO_PinWrite
                0x00001a4e       0x34 ./drivers/fsl_gpio.o
 .text.GPIO_WritePinOutput
                0x00001a82       0x24 ./drivers/fsl_gpio.o
 .text.SystemInitHook
                0x00001aa6        0xa ./CMSIS/system_MKL46Z4.o
                0x00001aa6                SystemInitHook
 .text.__main   0x00001ab0        0xc c:/nxp/mcuxpressoide_11.6.1_8255/ide/plugins/com.nxp.mcuxpresso.tools.win32_11.6.1.202207200623/tools/bin/../lib/gcc/arm-none-eabi/10.3.1/../../../../arm-none-eabi/lib/thumb/v6-m/nofp\libcr_nohost_nf.a(_cr__main.o)
                0x00001ab0                __main
 .text.__sys_appexit
                0x00001abc        0x2 c:/nxp/mcuxpressoide_11.6.1_8255/ide/plugins/com.nxp.mcuxpresso.tools.win32_11.6.1.202207200623/tools/bin/../lib/gcc/arm-none-eabi/10.3.1/../../../../arm-none-eabi/lib/thumb/v6-m/nofp\libcr_nohost_nf.a(__sys_appexit.o)
                0x00001abc                __sys_appexit
                0x00001abc                __exit
 .text.memset   0x00001abe        0x8 c:/nxp/mcuxpressoide_11.6.1_8255/ide/plugins/com.nxp.mcuxpresso.tools.win32_11.6.1.202207200623/tools/bin/../lib/gcc/arm-none-eabi/10.3.1/../../../../arm-none-eabi/lib/thumb/v6-m/nofp\libcr_c.a(memset.o)
                0x00001abe                memset
 .text.free     0x00001ac6       0x2c c:/nxp/mcuxpressoide_11.6.1_8255/ide/plugins/com.nxp.mcuxpresso.tools.win32_11.6.1.202207200623/tools/bin/../lib/gcc/arm-none-eabi/10.3.1/../../../../arm-none-eabi/lib/thumb/v6-m/nofp\libcr_c.a(alloc.o)
                0x00001ac6                free
 .text.fputs    0x00001af2       0x2e c:/nxp/mcuxpressoide_11.6.1_8255/ide/plugins/com.nxp.mcuxpresso.tools.win32_11.6.1.202207200623/tools/bin/../lib/gcc/arm-none-eabi/10.3.1/../../../../arm-none-eabi/lib/thumb/v6-m/nofp\libcr_c.a(fputs.o)
                0x00001af2                fputs
 .text.remove   0x00001b20       0x12 c:/nxp/mcuxpressoide_11.6.1_8255/ide/plugins/com.nxp.mcuxpresso.tools.win32_11.6.1.202207200623/tools/bin/../lib/gcc/arm-none-eabi/10.3.1/../../../../arm-none-eabi/lib/thumb/v6-m/nofp\libcr_c.a(remove.o)
                0x00001b20                remove
 .text.__aeabi_division_idivmod
                0x00001b32       0x78 c:/nxp/mcuxpressoide_11.6.1_8255/ide/plugins/com.nxp.mcuxpresso.tools.win32_11.6.1.202207200623/tools/bin/../lib/gcc/arm-none-eabi/10.3.1/thumb/v6-m/nofp\libcr_eabihelpers.a(division_32.o)
                0x00001b32                __aeabi_idivmod
                0x00001b32                __aeabi_idiv
                0x00001b38                __aeabi_uidivmod
                0x00001b38                __aeabi_uidiv
 .text.__aeabi_division_idiv0
                0x00001baa        0x2 c:/nxp/mcuxpressoide_11.6.1_8255/ide/plugins/com.nxp.mcuxpresso.tools.win32_11.6.1.202207200623/tools/bin/../lib/gcc/arm-none-eabi/10.3.1/thumb/v6-m/nofp\libcr_eabihelpers.a(division_idiv0.o)
                0x00001baa                __aeabi_idiv0
 .text.__aeabi_memset_lowlevel
                0x00001bac       0x2a c:/nxp/mcuxpressoide_11.6.1_8255/ide/plugins/com.nxp.mcuxpresso.tools.win32_11.6.1.202207200623/tools/bin/../lib/gcc/arm-none-eabi/10.3.1/thumb/v6-m/nofp\libcr_eabihelpers.a(memcpy.o)
                0x00001bac                __aeabi_lowlevel_memset
 .text.__sys_close
                0x00001bd6        0x6 c:/nxp/mcuxpressoide_11.6.1_8255/ide/plugins/com.nxp.mcuxpresso.tools.win32_11.6.1.202207200623/tools/bin/../lib/gcc/arm-none-eabi/10.3.1/../../../../arm-none-eabi/lib/thumb/v6-m/nofp\libcr_nohost_nf.a(__sys_close.o)
                0x00001bd6                __sys_close
 .text.__sys_flen
                0x00001bdc        0x6 c:/nxp/mcuxpressoide_11.6.1_8255/ide/plugins/com.nxp.mcuxpresso.tools.win32_11.6.1.202207200623/tools/bin/../lib/gcc/arm-none-eabi/10.3.1/../../../../arm-none-eabi/lib/thumb/v6-m/nofp\libcr_nohost_nf.a(__sys_flen.o)
                0x00001bdc                __sys_flen
 .text.__sys_istty
                0x00001be2        0x6 c:/nxp/mcuxpressoide_11.6.1_8255/ide/plugins/com.nxp.mcuxpresso.tools.win32_11.6.1.202207200623/tools/bin/../lib/gcc/arm-none-eabi/10.3.1/../../../../arm-none-eabi/lib/thumb/v6-m/nofp\libcr_nohost_nf.a(__sys_istty.o)
                0x00001be2                __sys_istty
 .text.__sys_remove
                0x00001be8        0x6 c:/nxp/mcuxpressoide_11.6.1_8255/ide/plugins/com.nxp.mcuxpresso.tools.win32_11.6.1.202207200623/tools/bin/../lib/gcc/arm-none-eabi/10.3.1/../../../../arm-none-eabi/lib/thumb/v6-m/nofp\libcr_nohost_nf.a(__sys_remove.o)
                0x00001be8                __sys_remove
 .text.__sys_seek
                0x00001bee        0x6 c:/nxp/mcuxpressoide_11.6.1_8255/ide/plugins/com.nxp.mcuxpresso.tools.win32_11.6.1.202207200623/tools/bin/../lib/gcc/arm-none-eabi/10.3.1/../../../../arm-none-eabi/lib/thumb/v6-m/nofp\libcr_nohost_nf.a(__sys_seek.o)
                0x00001bee                __sys_seek
 .text.__sys_tmpnam
                0x00001bf4        0x6 c:/nxp/mcuxpressoide_11.6.1_8255/ide/plugins/com.nxp.mcuxpresso.tools.win32_11.6.1.202207200623/tools/bin/../lib/gcc/arm-none-eabi/10.3.1/../../../../arm-none-eabi/lib/thumb/v6-m/nofp\libcr_nohost_nf.a(__sys_tmpnam.o)
                0x00001bf4                __sys_tmpnam
 .text.__sys_write
                0x00001bfa        0x4 c:/nxp/mcuxpressoide_11.6.1_8255/ide/plugins/com.nxp.mcuxpresso.tools.win32_11.6.1.202207200623/tools/bin/../lib/gcc/arm-none-eabi/10.3.1/../../../../arm-none-eabi/lib/thumb/v6-m/nofp\libcr_nohost_nf.a(__sys_write.o)
                0x00001bfa                __sys_write
 *(SORT_BY_ALIGNMENT(.rodata) SORT_BY_ALIGNMENT(.rodata.*) SORT_BY_ALIGNMENT(.constdata) SORT_BY_ALIGNMENT(.constdata.*))
 *fill*         0x00001bfe        0x2 ff
 .rodata.MefMain
                0x00001c00       0x14 ./source/MEF_MAIN.o
 .rodata.PORT_SetPinConfig.str1.4
                0x00001c14       0x67 ./source/SD2_board.o
 *fill*         0x00001c7b        0x1 ff
 .rodata.board_gpioLeds
                0x00001c7c       0x30 ./source/SD2_board.o
 .rodata.board_gpioSw
                0x00001cac       0x18 ./source/SD2_board.o
 .rodata        0x00001cc4        0x2 ./source/SD2_board.o
 *fill*         0x00001cc6        0x2 ff
 .rodata.GPIO_PinInit.str1.4
                0x00001cc8       0x18 ./drivers/fsl_gpio.o
 .rodata.__num_Ciob_streams
                0x00001ce0        0x4 c:/nxp/mcuxpressoide_11.6.1_8255/ide/plugins/com.nxp.mcuxpresso.tools.win32_11.6.1.202207200623/tools/bin/../lib/gcc/arm-none-eabi/10.3.1/../../../../arm-none-eabi/lib/thumb/v6-m/nofp\libcr_nohost_nf.a(__ciob.o)
                0x00001ce0                __num_Ciob_streams
 .rodata.__assertion_failed.str1.1
                0x00001ce4       0x15 c:/nxp/mcuxpressoide_11.6.1_8255/ide/plugins/com.nxp.mcuxpresso.tools.win32_11.6.1.202207200623/tools/bin/../lib/gcc/arm-none-eabi/10.3.1/../../../../arm-none-eabi/lib/thumb/v6-m/nofp\libcr_nohost_nf.a(_cr_assert.o)
 .rodata._Csys_alloc.str1.1
                0x00001cf9       0x18 c:/nxp/mcuxpressoide_11.6.1_8255/ide/plugins/com.nxp.mcuxpresso.tools.win32_11.6.1.202207200623/tools/bin/../lib/gcc/arm-none-eabi/10.3.1/../../../../arm-none-eabi/lib/thumb/v6-m/nofp\libcr_c.a(alloc.o)
 .rodata._initio.str1.1
                0x00001d11        0x4 c:/nxp/mcuxpressoide_11.6.1_8255/ide/plugins/com.nxp.mcuxpresso.tools.win32_11.6.1.202207200623/tools/bin/../lib/gcc/arm-none-eabi/10.3.1/../../../../arm-none-eabi/lib/thumb/v6-m/nofp\libcr_c.a(initio.o)
                0x00001d18                . = ALIGN (0x4)
 *fill*         0x00001d15        0x3 ff
                0x00001d18                _etext = .

.glue_7         0x00001d18        0x0
 .glue_7        0x00001d18        0x0 linker stubs

.glue_7t        0x00001d18        0x0
 .glue_7t       0x00001d18        0x0 linker stubs

.vfp11_veneer   0x00001d18        0x0
 .vfp11_veneer  0x00001d18        0x0 linker stubs

.v4_bx          0x00001d18        0x0
 .v4_bx         0x00001d18        0x0 linker stubs

.iplt           0x00001d18        0x0
 .iplt          0x00001d18        0x0 ./startup/startup_mkl46z4.o

.rel.dyn        0x00001d18        0x0
 .rel.iplt      0x00001d18        0x0 ./startup/startup_mkl46z4.o

.m_usb_data
 *(SORT_BY_ALIGNMENT(m_usb_bdt))

.mtb_buffer_default
                0x1fffe000       0x80
 *(SORT_BY_ALIGNMENT(.mtb*))
 .mtb.$RAM1     0x1fffe000       0x80 ./source/mtb.o
                0x1fffe000                __mtb_buffer__

.uninit_RESERVED
                0x1fffe080        0x0
                0x1fffe080                _start_uninit_RESERVED = .
 *(SORT_BY_ALIGNMENT(.bss.$RESERVED*))
                0x1fffe080                . = ALIGN (0x4)
                0x1fffe080                _end_uninit_RESERVED = .

.data           0x1fffe080        0x4 load address 0x00001d18
 FILL mask 0xff
                0x1fffe080                _data = .
                [!provide]                PROVIDE (__start_data_RAM = .)
                [!provide]                PROVIDE (__start_data_SRAM = .)
 *(SORT_BY_ALIGNMENT(vtable))
 *(SORT_BY_ALIGNMENT(.ramfunc*))
 *(SORT_BY_ALIGNMENT(CodeQuickAccess))
 *(SORT_BY_ALIGNMENT(DataQuickAccess))
 *(SORT_BY_ALIGNMENT(RamFunction))
 *(SORT_BY_ALIGNMENT(.data*))
 .data.SystemCoreClock
                0x1fffe080        0x4 ./CMSIS/system_MKL46Z4.o
                0x1fffe080                SystemCoreClock
                0x1fffe084                . = ALIGN (0x4)
                0x1fffe084                _edata = .
                [!provide]                PROVIDE (__end_data_RAM = .)
                [!provide]                PROVIDE (__end_data_SRAM = .)

.igot.plt       0x1fffe084        0x0 load address 0x00001d1c
 .igot.plt      0x1fffe084        0x0 ./startup/startup_mkl46z4.o

.bss            0x1fffe084      0x110
                0x1fffe084                _bss = .
                [!provide]                PROVIDE (__start_bss_RAM = .)
                [!provide]                PROVIDE (__start_bss_SRAM = .)
 *(SORT_BY_ALIGNMENT(.bss*))
 .bss.timerSemaforo_CalleSecundaria
                0x1fffe084        0x4 ./source/MEF_CALLE_SECUNDARIA.o
                0x1fffe084                timerSemaforo_CalleSecundaria
 .bss.timerToggle_CalleSecundaria
                0x1fffe088        0x4 ./source/MEF_CALLE_SECUNDARIA.o
                0x1fffe088                timerToggle_CalleSecundaria
 .bss.timerSemaforo
                0x1fffe08c        0x4 ./source/MEF_MAIN.o
                0x1fffe08c                timerSemaforo
 .bss.timerToggle
                0x1fffe090        0x4 ./source/MEF_MAIN.o
                0x1fffe090                timerToggle
 .bss.timerSemaforo_Peaton
                0x1fffe094        0x4 ./source/MEF_PEATON.o
                0x1fffe094                timerSemaforo_Peaton
 .bss.timerToggle_Peaton
                0x1fffe098        0x4 ./source/MEF_PEATON.o
                0x1fffe098                timerToggle_Peaton
 .bss.estSW     0x1fffe09c        0x2 ./source/key.o
 *fill*         0x1fffe09e        0x2 
 .bss.eventSW   0x1fffe0a0        0x2 ./source/key.o
 *fill*         0x1fffe0a2        0x2 
 .bss.s_i2cHandle
                0x1fffe0a4        0x8 ./drivers/fsl_i2c.o
 .bss.s_i2cMasterIsr
                0x1fffe0ac        0x4 ./drivers/fsl_i2c.o
 .bss.s_i2cSlaveIsr
                0x1fffe0b0        0x4 ./drivers/fsl_i2c.o
 .bss.s_lpsciHandle
                0x1fffe0b4        0x4 ./drivers/fsl_lpsci.o
 .bss.s_lpsciIsr
                0x1fffe0b8        0x4 ./drivers/fsl_lpsci.o
 .bss.s_uartHandle
                0x1fffe0bc        0xc ./drivers/fsl_uart.o
 .bss.s_uartIsr
                0x1fffe0c8        0x4 ./drivers/fsl_uart.o
 .bss.__Ciob    0x1fffe0cc       0xb4 c:/nxp/mcuxpressoide_11.6.1_8255/ide/plugins/com.nxp.mcuxpresso.tools.win32_11.6.1.202207200623/tools/bin/../lib/gcc/arm-none-eabi/10.3.1/../../../../arm-none-eabi/lib/thumb/v6-m/nofp\libcr_nohost_nf.a(__ciob.o)
                0x1fffe0cc                __Ciob
 .bss.__end_of_heap
                0x1fffe180        0x4 c:/nxp/mcuxpressoide_11.6.1_8255/ide/plugins/com.nxp.mcuxpresso.tools.win32_11.6.1.202207200623/tools/bin/../lib/gcc/arm-none-eabi/10.3.1/../../../../arm-none-eabi/lib/thumb/v6-m/nofp\libcr_c.a(__init_alloc.o)
                0x1fffe180                __end_of_heap
 .bss.__heaps   0x1fffe184        0x4 c:/nxp/mcuxpressoide_11.6.1_8255/ide/plugins/com.nxp.mcuxpresso.tools.win32_11.6.1.202207200623/tools/bin/../lib/gcc/arm-none-eabi/10.3.1/../../../../arm-none-eabi/lib/thumb/v6-m/nofp\libcr_c.a(__init_alloc.o)
                0x1fffe184                __heaps
 .bss.errno     0x1fffe188        0x4 c:/nxp/mcuxpressoide_11.6.1_8255/ide/plugins/com.nxp.mcuxpresso.tools.win32_11.6.1.202207200623/tools/bin/../lib/gcc/arm-none-eabi/10.3.1/../../../../arm-none-eabi/lib/thumb/v6-m/nofp\libcr_c.a(errno.o)
                0x1fffe188                errno
 .bss.mefCalleSecundaria
                0x1fffe18c        0x1 ./source/MEF_CALLE_SECUNDARIA.o
 .bss.mefMain   0x1fffe18d        0x1 ./source/MEF_MAIN.o
 .bss.alreadyPressed
                0x1fffe18e        0x1 ./source/MEF_MAIN.o
                0x1fffe18e                alreadyPressed
 .bss.mefPeaton
                0x1fffe18f        0x1 ./source/MEF_PEATON.o
 .bss.mefSuper  0x1fffe190        0x1 ./source/MEF_SUPER.o
 .bss.carsWaiting
                0x1fffe191        0x1 ./source/MEF_SUPER.o
 .bss.carsCrossed
                0x1fffe192        0x1 ./source/MEF_SUPER.o
 *(SORT_BY_ALIGNMENT(COMMON))
                0x1fffe194                . = ALIGN (0x4)
 *fill*         0x1fffe193        0x1 
                0x1fffe194                _ebss = .
                [!provide]                PROVIDE (__end_bss_RAM = .)
                [!provide]                PROVIDE (__end_bss_SRAM = .)
                [!provide]                PROVIDE (end = .)

.noinit         0x1fffe194        0x0
                0x1fffe194                _noinit = .
                [!provide]                PROVIDE (__start_noinit_RAM = .)
                [!provide]                PROVIDE (__start_noinit_SRAM = .)
 *(SORT_BY_ALIGNMENT(.noinit*))
                0x1fffe194                . = ALIGN (0x4)
                0x1fffe194                _end_noinit = .
                [!provide]                PROVIDE (__end_noinit_RAM = .)
                [!provide]                PROVIDE (__end_noinit_SRAM = .)

.ARM.extab
 *(SORT_BY_ALIGNMENT(.ARM.extab*) SORT_BY_ALIGNMENT(.gnu.linkonce.armextab.*))

.ARM.exidx      0x00001d1c        0x0
                0x00001d1c                __exidx_start = .
 *(SORT_BY_ALIGNMENT(.ARM.exidx*) SORT_BY_ALIGNMENT(.gnu.linkonce.armexidx.*))
                0x00001d1c                __exidx_end = .
                0x00000800                _HeapSize = 0x800

.heap           0x1fffe194      0x800
                0x1fffe194                _pvHeapStart = .
                0x1fffe994                . = (. + _HeapSize)
 *fill*         0x1fffe194      0x800 
                0x1fffe994                . = ALIGN (0x4)
                0x1fffe994                _pvHeapLimit = .
                0x00000800                _StackSize = 0x800

.heap2stackfill
                0x1fffe994      0x800
                0x1ffff194                . = (. + _StackSize)
 *fill*         0x1fffe994      0x800 

.stack          0x20005800        0x0
                0x20005800                _vStackBase = .
                0x20005800                . = ALIGN (0x4)
                0x20006000                _vStackTop = (. + _StackSize)
                0x00000000                _image_start = LOADADDR (.text)
                0x00001d1c                _image_end = (LOADADDR (.data) + SIZEOF (.data))
                0x00001d1c                _image_size = (_image_end - _image_start)
OUTPUT(SD2_TP1_REFACTORED.axf elf32-littlearm)
LOAD linker stubs

.debug_info     0x00000000     0x6b6f
 .debug_info    0x00000000      0x4eb ./startup/startup_mkl46z4.o
 .debug_info    0x000004eb      0x1a9 ./source/MEF_CALLE_SECUNDARIA.o
 .debug_info    0x00000694      0x1e8 ./source/MEF_MAIN.o
 .debug_info    0x0000087c      0x1a9 ./source/MEF_PEATON.o
 .debug_info    0x00000a25      0x1a8 ./source/MEF_SUPER.o
 .debug_info    0x00000bcd      0x9c6 ./source/SD2_board.o
 .debug_info    0x00001593      0x197 ./source/key.o
 .debug_info    0x0000172a      0x419 ./source/main.o
 .debug_info    0x00001b43       0x53 ./source/mtb.o
 .debug_info    0x00001b96       0x3c ./source/semihost_hardfault.o
 .debug_info    0x00001bd2      0x7dc ./drivers/fsl_gpio.o
 .debug_info    0x000023ae     0x1aba ./drivers/fsl_i2c.o
 .debug_info    0x00003e68     0x14ac ./drivers/fsl_lpsci.o
 .debug_info    0x00005314     0x144d ./drivers/fsl_uart.o
 .debug_info    0x00006761      0x40e ./CMSIS/system_MKL46Z4.o

.debug_abbrev   0x00000000     0x16d2
 .debug_abbrev  0x00000000      0x198 ./startup/startup_mkl46z4.o
 .debug_abbrev  0x00000198       0xc1 ./source/MEF_CALLE_SECUNDARIA.o
 .debug_abbrev  0x00000259       0xbf ./source/MEF_MAIN.o
 .debug_abbrev  0x00000318       0xc1 ./source/MEF_PEATON.o
 .debug_abbrev  0x000003d9       0xdc ./source/MEF_SUPER.o
 .debug_abbrev  0x000004b5      0x299 ./source/SD2_board.o
 .debug_abbrev  0x0000074e       0xf1 ./source/key.o
 .debug_abbrev  0x0000083f      0x182 ./source/main.o
 .debug_abbrev  0x000009c1       0x46 ./source/mtb.o
 .debug_abbrev  0x00000a07       0x31 ./source/semihost_hardfault.o
 .debug_abbrev  0x00000a38      0x1f6 ./drivers/fsl_gpio.o
 .debug_abbrev  0x00000c2e      0x376 ./drivers/fsl_i2c.o
 .debug_abbrev  0x00000fa4      0x2f3 ./drivers/fsl_lpsci.o
 .debug_abbrev  0x00001297      0x2f3 ./drivers/fsl_uart.o
 .debug_abbrev  0x0000158a      0x148 ./CMSIS/system_MKL46Z4.o

.debug_aranges  0x00000000      0x7b0
 .debug_aranges
                0x00000000      0x160 ./startup/startup_mkl46z4.o
 .debug_aranges
                0x00000160       0x30 ./source/MEF_CALLE_SECUNDARIA.o
 .debug_aranges
                0x00000190       0x30 ./source/MEF_MAIN.o
 .debug_aranges
                0x000001c0       0x30 ./source/MEF_PEATON.o
 .debug_aranges
                0x000001f0       0x50 ./source/MEF_SUPER.o
 .debug_aranges
                0x00000240       0x68 ./source/SD2_board.o
 .debug_aranges
                0x000002a8       0x30 ./source/key.o
 .debug_aranges
                0x000002d8       0x38 ./source/main.o
 .debug_aranges
                0x00000310       0x18 ./source/mtb.o
 .debug_aranges
                0x00000328       0x20 ./source/semihost_hardfault.o
 .debug_aranges
                0x00000348       0x78 ./drivers/fsl_gpio.o
 .debug_aranges
                0x000003c0      0x178 ./drivers/fsl_i2c.o
 .debug_aranges
                0x00000538      0x118 ./drivers/fsl_lpsci.o
 .debug_aranges
                0x00000650      0x130 ./drivers/fsl_uart.o
 .debug_aranges
                0x00000780       0x30 ./CMSIS/system_MKL46Z4.o

.debug_ranges   0x00000000      0x6b8
 .debug_ranges  0x00000000      0x150 ./startup/startup_mkl46z4.o
 .debug_ranges  0x00000150       0x20 ./source/MEF_CALLE_SECUNDARIA.o
 .debug_ranges  0x00000170       0x20 ./source/MEF_MAIN.o
 .debug_ranges  0x00000190       0x20 ./source/MEF_PEATON.o
 .debug_ranges  0x000001b0       0x40 ./source/MEF_SUPER.o
 .debug_ranges  0x000001f0       0x58 ./source/SD2_board.o
 .debug_ranges  0x00000248       0x20 ./source/key.o
 .debug_ranges  0x00000268       0x28 ./source/main.o
 .debug_ranges  0x00000290       0x10 ./source/semihost_hardfault.o
 .debug_ranges  0x000002a0       0x68 ./drivers/fsl_gpio.o
 .debug_ranges  0x00000308      0x168 ./drivers/fsl_i2c.o
 .debug_ranges  0x00000470      0x108 ./drivers/fsl_lpsci.o
 .debug_ranges  0x00000578      0x120 ./drivers/fsl_uart.o
 .debug_ranges  0x00000698       0x20 ./CMSIS/system_MKL46Z4.o

.debug_macro    0x00000000      0xdcf
 .debug_macro   0x00000000       0x29 ./startup/startup_mkl46z4.o
 .debug_macro   0x00000029       0xb5 ./source/MEF_CALLE_SECUNDARIA.o
 .debug_macro   0x000000de       0x58 ./source/MEF_CALLE_SECUNDARIA.o
 .debug_macro   0x00000136       0xb5 ./source/MEF_MAIN.o
 .debug_macro   0x000001eb       0xb5 ./source/MEF_PEATON.o
 .debug_macro   0x000002a0       0xcf ./source/MEF_SUPER.o
 .debug_macro   0x0000036f       0x52 ./source/MEF_SUPER.o
 .debug_macro   0x000003c1      0x12b ./source/SD2_board.o
 .debug_macro   0x000004ec       0x10 ./source/SD2_board.o
 .debug_macro   0x000004fc       0x10 ./source/SD2_board.o
 .debug_macro   0x0000050c      0x1d2 ./source/SD2_board.o
 .debug_macro   0x000006de       0xa2 ./source/key.o
 .debug_macro   0x00000780       0xab ./source/main.o
 .debug_macro   0x0000082b       0x2f ./source/mtb.o
 .debug_macro   0x0000085a       0x82 ./source/mtb.o
 .debug_macro   0x000008dc       0x10 ./source/mtb.o
 .debug_macro   0x000008ec       0x11 ./source/semihost_hardfault.o
 .debug_macro   0x000008fd      0x108 ./drivers/fsl_gpio.o
 .debug_macro   0x00000a05      0x107 ./drivers/fsl_i2c.o
 .debug_macro   0x00000b0c       0x16 ./drivers/fsl_i2c.o
 .debug_macro   0x00000b22      0x108 ./drivers/fsl_lpsci.o
 .debug_macro   0x00000c2a      0x10e ./drivers/fsl_uart.o
 .debug_macro   0x00000d38       0x97 ./CMSIS/system_MKL46Z4.o

.debug_line     0x00000000     0x53cf
 .debug_line    0x00000000      0x1ed ./startup/startup_mkl46z4.o
 .debug_line    0x000001ed      0x34e ./source/MEF_CALLE_SECUNDARIA.o
 .debug_line    0x0000053b      0x391 ./source/MEF_MAIN.o
 .debug_line    0x000008cc      0x34e ./source/MEF_PEATON.o
 .debug_line    0x00000c1a      0x39a ./source/MEF_SUPER.o
 .debug_line    0x00000fb4      0x578 ./source/SD2_board.o
 .debug_line    0x0000152c      0x2f6 ./source/key.o
 .debug_line    0x00001822      0x332 ./source/main.o
 .debug_line    0x00001b54       0xd1 ./source/mtb.o
 .debug_line    0x00001c25       0x59 ./source/semihost_hardfault.o
 .debug_line    0x00001c7e      0x4c6 ./drivers/fsl_gpio.o
 .debug_line    0x00002144     0x13ad ./drivers/fsl_i2c.o
 .debug_line    0x000034f1      0xdc2 ./drivers/fsl_lpsci.o
 .debug_line    0x000042b3      0xdcd ./drivers/fsl_uart.o
 .debug_line    0x00005080      0x34f ./CMSIS/system_MKL46Z4.o

.debug_str      0x00000000    0x4ea6d
 .debug_str     0x00000000     0x30a6 ./startup/startup_mkl46z4.o
                               0x30cb (size before relaxing)
 .debug_str     0x000030a6    0x4004f ./source/MEF_CALLE_SECUNDARIA.o
                              0x42fa0 (size before relaxing)
 .debug_str     0x000430f5       0xe4 ./source/MEF_MAIN.o
                              0x42f63 (size before relaxing)
 .debug_str     0x000431d9       0xe4 ./source/MEF_PEATON.o
                              0x42f53 (size before relaxing)
 .debug_str     0x000432bd      0x105 ./source/MEF_SUPER.o
                              0x42f0f (size before relaxing)
 .debug_str     0x000433c2     0x8991 ./source/SD2_board.o
                              0x4b6f2 (size before relaxing)
 .debug_str     0x0004bd53       0x83 ./source/key.o
                              0x42d25 (size before relaxing)
 .debug_str     0x0004bdd6      0x28c ./source/main.o
                              0x43058 (size before relaxing)
 .debug_str     0x0004c062      0x532 ./source/mtb.o
                               0x31f2 (size before relaxing)
 .debug_str     0x0004c594       0x1f ./source/semihost_hardfault.o
                               0x2cdf (size before relaxing)
 .debug_str     0x0004c5b3      0x106 ./drivers/fsl_gpio.o
                              0x4ab36 (size before relaxing)
 .debug_str     0x0004c6b9      0xd6d ./drivers/fsl_i2c.o
                              0x4ba4f (size before relaxing)
 .debug_str     0x0004d426      0xb20 ./drivers/fsl_lpsci.o
                              0x4b8d2 (size before relaxing)
 .debug_str     0x0004df46      0x9e9 ./drivers/fsl_uart.o
                              0x4b8ef (size before relaxing)
 .debug_str     0x0004e92f      0x13e ./CMSIS/system_MKL46Z4.o
                              0x49727 (size before relaxing)

.comment        0x00000000       0x49
 .comment       0x00000000       0x49 ./startup/startup_mkl46z4.o
                                 0x4a (size before relaxing)
 .comment       0x00000049       0x4a ./source/MEF_CALLE_SECUNDARIA.o
 .comment       0x00000049       0x4a ./source/MEF_MAIN.o
 .comment       0x00000049       0x4a ./source/MEF_PEATON.o
 .comment       0x00000049       0x4a ./source/MEF_SUPER.o
 .comment       0x00000049       0x4a ./source/SD2_board.o
 .comment       0x00000049       0x4a ./source/key.o
 .comment       0x00000049       0x4a ./source/main.o
 .comment       0x00000049       0x4a ./source/mtb.o
 .comment       0x00000049       0x4a ./source/semihost_hardfault.o
 .comment       0x00000049       0x4a ./drivers/fsl_gpio.o
 .comment       0x00000049       0x4a ./drivers/fsl_i2c.o
 .comment       0x00000049       0x4a ./drivers/fsl_lpsci.o
 .comment       0x00000049       0x4a ./drivers/fsl_uart.o
 .comment       0x00000049       0x4a ./CMSIS/system_MKL46Z4.o
 .comment       0x00000049       0x4a c:/nxp/mcuxpressoide_11.6.1_8255/ide/plugins/com.nxp.mcuxpresso.tools.win32_11.6.1.202207200623/tools/bin/../lib/gcc/arm-none-eabi/10.3.1/../../../../arm-none-eabi/lib/thumb/v6-m/nofp\libcr_nohost_nf.a(_cr__main.o)
 .comment       0x00000049       0x4a c:/nxp/mcuxpressoide_11.6.1_8255/ide/plugins/com.nxp.mcuxpresso.tools.win32_11.6.1.202207200623/tools/bin/../lib/gcc/arm-none-eabi/10.3.1/../../../../arm-none-eabi/lib/thumb/v6-m/nofp\libcr_nohost_nf.a(_cr_assert.o)
 .comment       0x00000049       0x4a c:/nxp/mcuxpressoide_11.6.1_8255/ide/plugins/com.nxp.mcuxpresso.tools.win32_11.6.1.202207200623/tools/bin/../lib/gcc/arm-none-eabi/10.3.1/../../../../arm-none-eabi/lib/thumb/v6-m/nofp\libcr_nohost_nf.a(__ciob.o)
 .comment       0x00000049       0x4a c:/nxp/mcuxpressoide_11.6.1_8255/ide/plugins/com.nxp.mcuxpresso.tools.win32_11.6.1.202207200623/tools/bin/../lib/gcc/arm-none-eabi/10.3.1/../../../../arm-none-eabi/lib/thumb/v6-m/nofp\libcr_nohost_nf.a(__sys_appexit.o)
 .comment       0x00000049       0x4a c:/nxp/mcuxpressoide_11.6.1_8255/ide/plugins/com.nxp.mcuxpresso.tools.win32_11.6.1.202207200623/tools/bin/../lib/gcc/arm-none-eabi/10.3.1/../../../../arm-none-eabi/lib/thumb/v6-m/nofp\libcr_c.a(memset.o)
 .comment       0x00000049       0x4a c:/nxp/mcuxpressoide_11.6.1_8255/ide/plugins/com.nxp.mcuxpresso.tools.win32_11.6.1.202207200623/tools/bin/../lib/gcc/arm-none-eabi/10.3.1/../../../../arm-none-eabi/lib/thumb/v6-m/nofp\libcr_c.a(_deferredlazyseek.o)
 .comment       0x00000049       0x4a c:/nxp/mcuxpressoide_11.6.1_8255/ide/plugins/com.nxp.mcuxpresso.tools.win32_11.6.1.202207200623/tools/bin/../lib/gcc/arm-none-eabi/10.3.1/../../../../arm-none-eabi/lib/thumb/v6-m/nofp\libcr_c.a(_fflush.o)
 .comment       0x00000049       0x4a c:/nxp/mcuxpressoide_11.6.1_8255/ide/plugins/com.nxp.mcuxpresso.tools.win32_11.6.1.202207200623/tools/bin/../lib/gcc/arm-none-eabi/10.3.1/../../../../arm-none-eabi/lib/thumb/v6-m/nofp\libcr_c.a(_writebuf.o)
 .comment       0x00000049       0x4a c:/nxp/mcuxpressoide_11.6.1_8255/ide/plugins/com.nxp.mcuxpresso.tools.win32_11.6.1.202207200623/tools/bin/../lib/gcc/arm-none-eabi/10.3.1/../../../../arm-none-eabi/lib/thumb/v6-m/nofp\libcr_c.a(alloc.o)
 .comment       0x00000049       0x4a c:/nxp/mcuxpressoide_11.6.1_8255/ide/plugins/com.nxp.mcuxpresso.tools.win32_11.6.1.202207200623/tools/bin/../lib/gcc/arm-none-eabi/10.3.1/../../../../arm-none-eabi/lib/thumb/v6-m/nofp\libcr_c.a(fputs.o)
 .comment       0x00000049       0x4a c:/nxp/mcuxpressoide_11.6.1_8255/ide/plugins/com.nxp.mcuxpresso.tools.win32_11.6.1.202207200623/tools/bin/../lib/gcc/arm-none-eabi/10.3.1/../../../../arm-none-eabi/lib/thumb/v6-m/nofp\libcr_c.a(fseek.o)
 .comment       0x00000049       0x4a c:/nxp/mcuxpressoide_11.6.1_8255/ide/plugins/com.nxp.mcuxpresso.tools.win32_11.6.1.202207200623/tools/bin/../lib/gcc/arm-none-eabi/10.3.1/../../../../arm-none-eabi/lib/thumb/v6-m/nofp\libcr_c.a(ftell.o)
 .comment       0x00000049       0x4a c:/nxp/mcuxpressoide_11.6.1_8255/ide/plugins/com.nxp.mcuxpresso.tools.win32_11.6.1.202207200623/tools/bin/../lib/gcc/arm-none-eabi/10.3.1/../../../../arm-none-eabi/lib/thumb/v6-m/nofp\libcr_c.a(initio.o)
 .comment       0x00000049       0x4a c:/nxp/mcuxpressoide_11.6.1_8255/ide/plugins/com.nxp.mcuxpresso.tools.win32_11.6.1.202207200623/tools/bin/../lib/gcc/arm-none-eabi/10.3.1/../../../../arm-none-eabi/lib/thumb/v6-m/nofp\libcr_c.a(setvbuf.o)
 .comment       0x00000049       0x4a c:/nxp/mcuxpressoide_11.6.1_8255/ide/plugins/com.nxp.mcuxpresso.tools.win32_11.6.1.202207200623/tools/bin/../lib/gcc/arm-none-eabi/10.3.1/../../../../arm-none-eabi/lib/thumb/v6-m/nofp\libcr_c.a(strlen.o)
 .comment       0x00000049       0x4a c:/nxp/mcuxpressoide_11.6.1_8255/ide/plugins/com.nxp.mcuxpresso.tools.win32_11.6.1.202207200623/tools/bin/../lib/gcc/arm-none-eabi/10.3.1/../../../../arm-none-eabi/lib/thumb/v6-m/nofp\libcr_c.a(__init_alloc.o)
 .comment       0x00000049       0x4a c:/nxp/mcuxpressoide_11.6.1_8255/ide/plugins/com.nxp.mcuxpresso.tools.win32_11.6.1.202207200623/tools/bin/../lib/gcc/arm-none-eabi/10.3.1/../../../../arm-none-eabi/lib/thumb/v6-m/nofp\libcr_c.a(_cr_sbrk.o)
 .comment       0x00000049       0x4a c:/nxp/mcuxpressoide_11.6.1_8255/ide/plugins/com.nxp.mcuxpresso.tools.win32_11.6.1.202207200623/tools/bin/../lib/gcc/arm-none-eabi/10.3.1/../../../../arm-none-eabi/lib/thumb/v6-m/nofp\libcr_c.a(_fdopen.o)
 .comment       0x00000049       0x4a c:/nxp/mcuxpressoide_11.6.1_8255/ide/plugins/com.nxp.mcuxpresso.tools.win32_11.6.1.202207200623/tools/bin/../lib/gcc/arm-none-eabi/10.3.1/../../../../arm-none-eabi/lib/thumb/v6-m/nofp\libcr_c.a(errno.o)
 .comment       0x00000049       0x4a c:/nxp/mcuxpressoide_11.6.1_8255/ide/plugins/com.nxp.mcuxpresso.tools.win32_11.6.1.202207200623/tools/bin/../lib/gcc/arm-none-eabi/10.3.1/../../../../arm-none-eabi/lib/thumb/v6-m/nofp\libcr_c.a(fclose.o)
 .comment       0x00000049       0x4a c:/nxp/mcuxpressoide_11.6.1_8255/ide/plugins/com.nxp.mcuxpresso.tools.win32_11.6.1.202207200623/tools/bin/../lib/gcc/arm-none-eabi/10.3.1/../../../../arm-none-eabi/lib/thumb/v6-m/nofp\libcr_c.a(fflush.o)
 .comment       0x00000049       0x4a c:/nxp/mcuxpressoide_11.6.1_8255/ide/plugins/com.nxp.mcuxpresso.tools.win32_11.6.1.202207200623/tools/bin/../lib/gcc/arm-none-eabi/10.3.1/../../../../arm-none-eabi/lib/thumb/v6-m/nofp\libcr_c.a(remove.o)
 .comment       0x00000049       0x4a c:/nxp/mcuxpressoide_11.6.1_8255/ide/plugins/com.nxp.mcuxpresso.tools.win32_11.6.1.202207200623/tools/bin/../lib/gcc/arm-none-eabi/10.3.1/../../../../arm-none-eabi/lib/thumb/v6-m/nofp\libcr_c.a(_cr_check_heap.o)
 .comment       0x00000049       0x4a c:/nxp/mcuxpressoide_11.6.1_8255/ide/plugins/com.nxp.mcuxpresso.tools.win32_11.6.1.202207200623/tools/bin/../lib/gcc/arm-none-eabi/10.3.1/../../../../arm-none-eabi/lib/thumb/v6-m/nofp\libcr_c.a(_do_fflush.o)
 .comment       0x00000049       0x4a c:/nxp/mcuxpressoide_11.6.1_8255/ide/plugins/com.nxp.mcuxpresso.tools.win32_11.6.1.202207200623/tools/bin/../lib/gcc/arm-none-eabi/10.3.1/../../../../arm-none-eabi/lib/thumb/v6-m/nofp\libcr_nohost_nf.a(__sys_close.o)
 .comment       0x00000049       0x4a c:/nxp/mcuxpressoide_11.6.1_8255/ide/plugins/com.nxp.mcuxpresso.tools.win32_11.6.1.202207200623/tools/bin/../lib/gcc/arm-none-eabi/10.3.1/../../../../arm-none-eabi/lib/thumb/v6-m/nofp\libcr_nohost_nf.a(__sys_flen.o)
 .comment       0x00000049       0x4a c:/nxp/mcuxpressoide_11.6.1_8255/ide/plugins/com.nxp.mcuxpresso.tools.win32_11.6.1.202207200623/tools/bin/../lib/gcc/arm-none-eabi/10.3.1/../../../../arm-none-eabi/lib/thumb/v6-m/nofp\libcr_nohost_nf.a(__sys_istty.o)
 .comment       0x00000049       0x4a c:/nxp/mcuxpressoide_11.6.1_8255/ide/plugins/com.nxp.mcuxpresso.tools.win32_11.6.1.202207200623/tools/bin/../lib/gcc/arm-none-eabi/10.3.1/../../../../arm-none-eabi/lib/thumb/v6-m/nofp\libcr_nohost_nf.a(__sys_remove.o)
 .comment       0x00000049       0x4a c:/nxp/mcuxpressoide_11.6.1_8255/ide/plugins/com.nxp.mcuxpresso.tools.win32_11.6.1.202207200623/tools/bin/../lib/gcc/arm-none-eabi/10.3.1/../../../../arm-none-eabi/lib/thumb/v6-m/nofp\libcr_nohost_nf.a(__sys_seek.o)
 .comment       0x00000049       0x4a c:/nxp/mcuxpressoide_11.6.1_8255/ide/plugins/com.nxp.mcuxpresso.tools.win32_11.6.1.202207200623/tools/bin/../lib/gcc/arm-none-eabi/10.3.1/../../../../arm-none-eabi/lib/thumb/v6-m/nofp\libcr_nohost_nf.a(__sys_tmpnam.o)
 .comment       0x00000049       0x4a c:/nxp/mcuxpressoide_11.6.1_8255/ide/plugins/com.nxp.mcuxpresso.tools.win32_11.6.1.202207200623/tools/bin/../lib/gcc/arm-none-eabi/10.3.1/../../../../arm-none-eabi/lib/thumb/v6-m/nofp\libcr_nohost_nf.a(__sys_write.o)

.ARM.attributes
                0x00000000       0x2a
 .ARM.attributes
                0x00000000       0x2c ./startup/startup_mkl46z4.o
 .ARM.attributes
                0x0000002c       0x2c ./source/MEF_CALLE_SECUNDARIA.o
 .ARM.attributes
                0x00000058       0x2c ./source/MEF_MAIN.o
 .ARM.attributes
                0x00000084       0x2c ./source/MEF_PEATON.o
 .ARM.attributes
                0x000000b0       0x2c ./source/MEF_SUPER.o
 .ARM.attributes
                0x000000dc       0x2c ./source/SD2_board.o
 .ARM.attributes
                0x00000108       0x2c ./source/key.o
 .ARM.attributes
                0x00000134       0x2c ./source/main.o
 .ARM.attributes
                0x00000160       0x2c ./source/mtb.o
 .ARM.attributes
                0x0000018c       0x2c ./source/semihost_hardfault.o
 .ARM.attributes
                0x000001b8       0x2c ./drivers/fsl_gpio.o
 .ARM.attributes
                0x000001e4       0x2c ./drivers/fsl_i2c.o
 .ARM.attributes
                0x00000210       0x2c ./drivers/fsl_lpsci.o
 .ARM.attributes
                0x0000023c       0x2c ./drivers/fsl_uart.o
 .ARM.attributes
                0x00000268       0x2c ./CMSIS/system_MKL46Z4.o
 .ARM.attributes
                0x00000294       0x2c c:/nxp/mcuxpressoide_11.6.1_8255/ide/plugins/com.nxp.mcuxpresso.tools.win32_11.6.1.202207200623/tools/bin/../lib/gcc/arm-none-eabi/10.3.1/../../../../arm-none-eabi/lib/thumb/v6-m/nofp\libcr_nohost_nf.a(_cr__main.o)
 .ARM.attributes
                0x000002c0       0x2c c:/nxp/mcuxpressoide_11.6.1_8255/ide/plugins/com.nxp.mcuxpresso.tools.win32_11.6.1.202207200623/tools/bin/../lib/gcc/arm-none-eabi/10.3.1/../../../../arm-none-eabi/lib/thumb/v6-m/nofp\libcr_nohost_nf.a(_cr_assert.o)
 .ARM.attributes
                0x000002ec       0x2c c:/nxp/mcuxpressoide_11.6.1_8255/ide/plugins/com.nxp.mcuxpresso.tools.win32_11.6.1.202207200623/tools/bin/../lib/gcc/arm-none-eabi/10.3.1/../../../../arm-none-eabi/lib/thumb/v6-m/nofp\libcr_nohost_nf.a(__ciob.o)
 .ARM.attributes
                0x00000318       0x2c c:/nxp/mcuxpressoide_11.6.1_8255/ide/plugins/com.nxp.mcuxpresso.tools.win32_11.6.1.202207200623/tools/bin/../lib/gcc/arm-none-eabi/10.3.1/../../../../arm-none-eabi/lib/thumb/v6-m/nofp\libcr_nohost_nf.a(__sys_appexit.o)
 .ARM.attributes
                0x00000344       0x2c c:/nxp/mcuxpressoide_11.6.1_8255/ide/plugins/com.nxp.mcuxpresso.tools.win32_11.6.1.202207200623/tools/bin/../lib/gcc/arm-none-eabi/10.3.1/../../../../arm-none-eabi/lib/thumb/v6-m/nofp\libcr_c.a(memset.o)
 .ARM.attributes
                0x00000370       0x2c c:/nxp/mcuxpressoide_11.6.1_8255/ide/plugins/com.nxp.mcuxpresso.tools.win32_11.6.1.202207200623/tools/bin/../lib/gcc/arm-none-eabi/10.3.1/../../../../arm-none-eabi/lib/thumb/v6-m/nofp\libcr_c.a(_deferredlazyseek.o)
 .ARM.attributes
                0x0000039c       0x2c c:/nxp/mcuxpressoide_11.6.1_8255/ide/plugins/com.nxp.mcuxpresso.tools.win32_11.6.1.202207200623/tools/bin/../lib/gcc/arm-none-eabi/10.3.1/../../../../arm-none-eabi/lib/thumb/v6-m/nofp\libcr_c.a(_fflush.o)
 .ARM.attributes
                0x000003c8       0x2c c:/nxp/mcuxpressoide_11.6.1_8255/ide/plugins/com.nxp.mcuxpresso.tools.win32_11.6.1.202207200623/tools/bin/../lib/gcc/arm-none-eabi/10.3.1/../../../../arm-none-eabi/lib/thumb/v6-m/nofp\libcr_c.a(_writebuf.o)
 .ARM.attributes
                0x000003f4       0x2c c:/nxp/mcuxpressoide_11.6.1_8255/ide/plugins/com.nxp.mcuxpresso.tools.win32_11.6.1.202207200623/tools/bin/../lib/gcc/arm-none-eabi/10.3.1/../../../../arm-none-eabi/lib/thumb/v6-m/nofp\libcr_c.a(alloc.o)
 .ARM.attributes
                0x00000420       0x2c c:/nxp/mcuxpressoide_11.6.1_8255/ide/plugins/com.nxp.mcuxpresso.tools.win32_11.6.1.202207200623/tools/bin/../lib/gcc/arm-none-eabi/10.3.1/../../../../arm-none-eabi/lib/thumb/v6-m/nofp\libcr_c.a(fputs.o)
 .ARM.attributes
                0x0000044c       0x2c c:/nxp/mcuxpressoide_11.6.1_8255/ide/plugins/com.nxp.mcuxpresso.tools.win32_11.6.1.202207200623/tools/bin/../lib/gcc/arm-none-eabi/10.3.1/../../../../arm-none-eabi/lib/thumb/v6-m/nofp\libcr_c.a(fseek.o)
 .ARM.attributes
                0x00000478       0x2c c:/nxp/mcuxpressoide_11.6.1_8255/ide/plugins/com.nxp.mcuxpresso.tools.win32_11.6.1.202207200623/tools/bin/../lib/gcc/arm-none-eabi/10.3.1/../../../../arm-none-eabi/lib/thumb/v6-m/nofp\libcr_c.a(ftell.o)
 .ARM.attributes
                0x000004a4       0x2c c:/nxp/mcuxpressoide_11.6.1_8255/ide/plugins/com.nxp.mcuxpresso.tools.win32_11.6.1.202207200623/tools/bin/../lib/gcc/arm-none-eabi/10.3.1/../../../../arm-none-eabi/lib/thumb/v6-m/nofp\libcr_c.a(initio.o)
 .ARM.attributes
                0x000004d0       0x2c c:/nxp/mcuxpressoide_11.6.1_8255/ide/plugins/com.nxp.mcuxpresso.tools.win32_11.6.1.202207200623/tools/bin/../lib/gcc/arm-none-eabi/10.3.1/../../../../arm-none-eabi/lib/thumb/v6-m/nofp\libcr_c.a(setvbuf.o)
 .ARM.attributes
                0x000004fc       0x2c c:/nxp/mcuxpressoide_11.6.1_8255/ide/plugins/com.nxp.mcuxpresso.tools.win32_11.6.1.202207200623/tools/bin/../lib/gcc/arm-none-eabi/10.3.1/../../../../arm-none-eabi/lib/thumb/v6-m/nofp\libcr_c.a(strlen.o)
 .ARM.attributes
                0x00000528       0x2c c:/nxp/mcuxpressoide_11.6.1_8255/ide/plugins/com.nxp.mcuxpresso.tools.win32_11.6.1.202207200623/tools/bin/../lib/gcc/arm-none-eabi/10.3.1/../../../../arm-none-eabi/lib/thumb/v6-m/nofp\libcr_c.a(__init_alloc.o)
 .ARM.attributes
                0x00000554       0x2c c:/nxp/mcuxpressoide_11.6.1_8255/ide/plugins/com.nxp.mcuxpresso.tools.win32_11.6.1.202207200623/tools/bin/../lib/gcc/arm-none-eabi/10.3.1/../../../../arm-none-eabi/lib/thumb/v6-m/nofp\libcr_c.a(_cr_sbrk.o)
 .ARM.attributes
                0x00000580       0x2c c:/nxp/mcuxpressoide_11.6.1_8255/ide/plugins/com.nxp.mcuxpresso.tools.win32_11.6.1.202207200623/tools/bin/../lib/gcc/arm-none-eabi/10.3.1/../../../../arm-none-eabi/lib/thumb/v6-m/nofp\libcr_c.a(_fdopen.o)
 .ARM.attributes
                0x000005ac       0x2c c:/nxp/mcuxpressoide_11.6.1_8255/ide/plugins/com.nxp.mcuxpresso.tools.win32_11.6.1.202207200623/tools/bin/../lib/gcc/arm-none-eabi/10.3.1/../../../../arm-none-eabi/lib/thumb/v6-m/nofp\libcr_c.a(errno.o)
 .ARM.attributes
                0x000005d8       0x2c c:/nxp/mcuxpressoide_11.6.1_8255/ide/plugins/com.nxp.mcuxpresso.tools.win32_11.6.1.202207200623/tools/bin/../lib/gcc/arm-none-eabi/10.3.1/../../../../arm-none-eabi/lib/thumb/v6-m/nofp\libcr_c.a(fclose.o)
 .ARM.attributes
                0x00000604       0x2c c:/nxp/mcuxpressoide_11.6.1_8255/ide/plugins/com.nxp.mcuxpresso.tools.win32_11.6.1.202207200623/tools/bin/../lib/gcc/arm-none-eabi/10.3.1/../../../../arm-none-eabi/lib/thumb/v6-m/nofp\libcr_c.a(fflush.o)
 .ARM.attributes
                0x00000630       0x2c c:/nxp/mcuxpressoide_11.6.1_8255/ide/plugins/com.nxp.mcuxpresso.tools.win32_11.6.1.202207200623/tools/bin/../lib/gcc/arm-none-eabi/10.3.1/../../../../arm-none-eabi/lib/thumb/v6-m/nofp\libcr_c.a(remove.o)
 .ARM.attributes
                0x0000065c       0x2c c:/nxp/mcuxpressoide_11.6.1_8255/ide/plugins/com.nxp.mcuxpresso.tools.win32_11.6.1.202207200623/tools/bin/../lib/gcc/arm-none-eabi/10.3.1/../../../../arm-none-eabi/lib/thumb/v6-m/nofp\libcr_c.a(_cr_check_heap.o)
 .ARM.attributes
                0x00000688       0x2c c:/nxp/mcuxpressoide_11.6.1_8255/ide/plugins/com.nxp.mcuxpresso.tools.win32_11.6.1.202207200623/tools/bin/../lib/gcc/arm-none-eabi/10.3.1/../../../../arm-none-eabi/lib/thumb/v6-m/nofp\libcr_c.a(_do_fflush.o)
 .ARM.attributes
                0x000006b4       0x1c c:/nxp/mcuxpressoide_11.6.1_8255/ide/plugins/com.nxp.mcuxpresso.tools.win32_11.6.1.202207200623/tools/bin/../lib/gcc/arm-none-eabi/10.3.1/thumb/v6-m/nofp\libcr_eabihelpers.a(division_32.o)
 .ARM.attributes
                0x000006d0       0x1c c:/nxp/mcuxpressoide_11.6.1_8255/ide/plugins/com.nxp.mcuxpresso.tools.win32_11.6.1.202207200623/tools/bin/../lib/gcc/arm-none-eabi/10.3.1/thumb/v6-m/nofp\libcr_eabihelpers.a(division_idiv0.o)
 .ARM.attributes
                0x000006ec       0x1c c:/nxp/mcuxpressoide_11.6.1_8255/ide/plugins/com.nxp.mcuxpresso.tools.win32_11.6.1.202207200623/tools/bin/../lib/gcc/arm-none-eabi/10.3.1/thumb/v6-m/nofp\libcr_eabihelpers.a(memcpy.o)
 .ARM.attributes
                0x00000708       0x2c c:/nxp/mcuxpressoide_11.6.1_8255/ide/plugins/com.nxp.mcuxpresso.tools.win32_11.6.1.202207200623/tools/bin/../lib/gcc/arm-none-eabi/10.3.1/../../../../arm-none-eabi/lib/thumb/v6-m/nofp\libcr_nohost_nf.a(__sys_close.o)
 .ARM.attributes
                0x00000734       0x2c c:/nxp/mcuxpressoide_11.6.1_8255/ide/plugins/com.nxp.mcuxpresso.tools.win32_11.6.1.202207200623/tools/bin/../lib/gcc/arm-none-eabi/10.3.1/../../../../arm-none-eabi/lib/thumb/v6-m/nofp\libcr_nohost_nf.a(__sys_flen.o)
 .ARM.attributes
                0x00000760       0x2c c:/nxp/mcuxpressoide_11.6.1_8255/ide/plugins/com.nxp.mcuxpresso.tools.win32_11.6.1.202207200623/tools/bin/../lib/gcc/arm-none-eabi/10.3.1/../../../../arm-none-eabi/lib/thumb/v6-m/nofp\libcr_nohost_nf.a(__sys_istty.o)
 .ARM.attributes
                0x0000078c       0x2c c:/nxp/mcuxpressoide_11.6.1_8255/ide/plugins/com.nxp.mcuxpresso.tools.win32_11.6.1.202207200623/tools/bin/../lib/gcc/arm-none-eabi/10.3.1/../../../../arm-none-eabi/lib/thumb/v6-m/nofp\libcr_nohost_nf.a(__sys_remove.o)
 .ARM.attributes
                0x000007b8       0x2c c:/nxp/mcuxpressoide_11.6.1_8255/ide/plugins/com.nxp.mcuxpresso.tools.win32_11.6.1.202207200623/tools/bin/../lib/gcc/arm-none-eabi/10.3.1/../../../../arm-none-eabi/lib/thumb/v6-m/nofp\libcr_nohost_nf.a(__sys_seek.o)
 .ARM.attributes
                0x000007e4       0x2c c:/nxp/mcuxpressoide_11.6.1_8255/ide/plugins/com.nxp.mcuxpresso.tools.win32_11.6.1.202207200623/tools/bin/../lib/gcc/arm-none-eabi/10.3.1/../../../../arm-none-eabi/lib/thumb/v6-m/nofp\libcr_nohost_nf.a(__sys_tmpnam.o)
 .ARM.attributes
                0x00000810       0x2c c:/nxp/mcuxpressoide_11.6.1_8255/ide/plugins/com.nxp.mcuxpresso.tools.win32_11.6.1.202207200623/tools/bin/../lib/gcc/arm-none-eabi/10.3.1/../../../../arm-none-eabi/lib/thumb/v6-m/nofp\libcr_nohost_nf.a(__sys_write.o)

.debug_frame    0x00000000     0x1824
 .debug_frame   0x00000000      0x3b0 ./startup/startup_mkl46z4.o
 .debug_frame   0x000003b0       0x68 ./source/MEF_CALLE_SECUNDARIA.o
 .debug_frame   0x00000418       0x68 ./source/MEF_MAIN.o
 .debug_frame   0x00000480       0x68 ./source/MEF_PEATON.o
 .debug_frame   0x000004e8       0xd8 ./source/MEF_SUPER.o
 .debug_frame   0x000005c0      0x150 ./source/SD2_board.o
 .debug_frame   0x00000710       0x70 ./source/key.o
 .debug_frame   0x00000780       0x88 ./source/main.o
 .debug_frame   0x00000808       0x20 ./source/semihost_hardfault.o
 .debug_frame   0x00000828      0x190 ./drivers/fsl_gpio.o
 .debug_frame   0x000009b8      0x58c ./drivers/fsl_i2c.o
 .debug_frame   0x00000f44      0x414 ./drivers/fsl_lpsci.o
 .debug_frame   0x00001358      0x464 ./drivers/fsl_uart.o
 .debug_frame   0x000017bc       0x68 ./CMSIS/system_MKL46Z4.o

Cross Reference Table

Symbol                                            File
ADC0_DriverIRQHandler                             ./startup/startup_mkl46z4.o
ADC0_IRQHandler                                   ./startup/startup_mkl46z4.o
BOARD_ACCEL_I2C_config                            ./board/peripherals.o
BOARD_ACCEL_I2C_init                              ./board/peripherals.o
BOARD_BootClockRUN                                ./board/clock_config.o
BOARD_BootClockVLPR                               ./board/clock_config.o
BOARD_INT1_init                                   ./board/peripherals.o
BOARD_INT2_init                                   ./board/peripherals.o
BOARD_InitACCEL                                   ./board/pin_mux.o
BOARD_InitACCELPeripheral                         ./board/peripherals.o
BOARD_InitBootClocks                              ./board/clock_config.o
BOARD_InitBootPeripherals                         ./board/peripherals.o
BOARD_InitBootPins                                ./board/pin_mux.o
BOARD_InitButtons                                 ./board/pin_mux.o
BOARD_InitButtonsPeripheral                       ./board/peripherals.o
BOARD_InitDEBUG_UART                              ./board/pin_mux.o
BOARD_InitDEBUG_UARTPeripheral                    ./board/peripherals.o
BOARD_InitDebugConsole                            ./board/board.o
BOARD_InitLEDs                                    ./board/pin_mux.o
BOARD_InitLEDsPeripheral                          ./board/peripherals.o
BOARD_InitMAG                                     ./board/pin_mux.o
BOARD_InitMAGPeripheral                           ./board/peripherals.o
BOARD_InitOSC                                     ./board/pin_mux.o
BOARD_InitPeripherals                             ./board/peripherals.o
BOARD_InitPins                                    ./board/pin_mux.o
BOARD_InitSegment_LCD                             ./board/pin_mux.o
BOARD_InitTouch                                   ./board/pin_mux.o
BOARD_InitUSB                                     ./board/pin_mux.o
BOARD_LED_GREEN_init                              ./board/peripherals.o
BOARD_LED_RED_init                                ./board/peripherals.o
BOARD_LPSCI_1_config                              ./board/peripherals.o
BOARD_LPSCI_1_init                                ./board/peripherals.o
BOARD_SW1_SW3_init                                ./board/peripherals.o
CLOCK_BootToBlpeMode                              ./drivers/fsl_clock.o
CLOCK_BootToBlpiMode                              ./drivers/fsl_clock.o
                                                  ./board/clock_config.o
CLOCK_BootToFeeMode                               ./drivers/fsl_clock.o
CLOCK_BootToFeiMode                               ./drivers/fsl_clock.o
                                                  ./board/clock_config.o
CLOCK_BootToPeeMode                               ./drivers/fsl_clock.o
CLOCK_CalcPllDiv                                  ./drivers/fsl_clock.o
CLOCK_ClearStatusFlags                            ./drivers/fsl_clock.o
CLOCK_DeinitOsc0                                  ./drivers/fsl_clock.o
CLOCK_EnablePll0                                  ./drivers/fsl_clock.o
CLOCK_EnableUsbfs0Clock                           ./drivers/fsl_clock.o
CLOCK_ExternalModeToFbeModeQuick                  ./drivers/fsl_clock.o
CLOCK_GetBusClkFreq                               ./drivers/fsl_clock.o
CLOCK_GetCoreSysClkFreq                           ./drivers/fsl_clock.o
CLOCK_GetEr32kClkFreq                             ./drivers/fsl_clock.o
CLOCK_GetFixedFreqClkFreq                         ./drivers/fsl_clock.o
CLOCK_GetFlashClkFreq                             ./drivers/fsl_clock.o
CLOCK_GetFllFreq                                  ./drivers/fsl_clock.o
CLOCK_GetFreq                                     ./drivers/fsl_clock.o
                                                  ./board/peripherals.o
CLOCK_GetInternalRefClkFreq                       ./drivers/fsl_clock.o
CLOCK_GetMode                                     ./drivers/fsl_clock.o
CLOCK_GetOsc0ErClkFreq                            ./drivers/fsl_clock.o
CLOCK_GetOutClkFreq                               ./drivers/fsl_clock.o
CLOCK_GetPlatClkFreq                              ./drivers/fsl_clock.o
CLOCK_GetPll0Freq                                 ./drivers/fsl_clock.o
CLOCK_GetPllFllSelClkFreq                         ./drivers/fsl_clock.o
                                                  ./board/board.o
CLOCK_GetStatusFlags                              ./drivers/fsl_clock.o
CLOCK_InitOsc0                                    ./drivers/fsl_clock.o
CLOCK_InternalModeToFbiModeQuick                  ./drivers/fsl_clock.o
CLOCK_SetBlpeMode                                 ./drivers/fsl_clock.o
CLOCK_SetBlpiMode                                 ./drivers/fsl_clock.o
CLOCK_SetExternalRefClkConfig                     ./drivers/fsl_clock.o
CLOCK_SetFbeMode                                  ./drivers/fsl_clock.o
CLOCK_SetFbiMode                                  ./drivers/fsl_clock.o
CLOCK_SetFeeMode                                  ./drivers/fsl_clock.o
CLOCK_SetFeiMode                                  ./drivers/fsl_clock.o
CLOCK_SetInternalRefClkConfig                     ./drivers/fsl_clock.o
                                                  ./board/clock_config.o
CLOCK_SetMcgConfig                                ./drivers/fsl_clock.o
CLOCK_SetOsc0MonitorMode                          ./drivers/fsl_clock.o
CLOCK_SetPbeMode                                  ./drivers/fsl_clock.o
CLOCK_SetPeeMode                                  ./drivers/fsl_clock.o
CLOCK_SetPll0MonitorMode                          ./drivers/fsl_clock.o
CLOCK_SetSimConfig                                ./drivers/fsl_clock.o
                                                  ./board/clock_config.o
CLOCK_TrimInternalRefClk                          ./drivers/fsl_clock.o
CMP0_DriverIRQHandler                             ./startup/startup_mkl46z4.o
CMP0_IRQHandler                                   ./startup/startup_mkl46z4.o
DAC0_DriverIRQHandler                             ./startup/startup_mkl46z4.o
DAC0_IRQHandler                                   ./startup/startup_mkl46z4.o
DMA0_DriverIRQHandler                             ./startup/startup_mkl46z4.o
DMA0_IRQHandler                                   ./startup/startup_mkl46z4.o
DMA1_DriverIRQHandler                             ./startup/startup_mkl46z4.o
DMA1_IRQHandler                                   ./startup/startup_mkl46z4.o
DMA2_DriverIRQHandler                             ./startup/startup_mkl46z4.o
DMA2_IRQHandler                                   ./startup/startup_mkl46z4.o
DMA3_DriverIRQHandler                             ./startup/startup_mkl46z4.o
DMA3_IRQHandler                                   ./startup/startup_mkl46z4.o
DbgConsole_Deinit                                 ./utilities/fsl_debug_console.o
DbgConsole_Flush                                  ./utilities/fsl_debug_console.o
DbgConsole_Getchar                                ./utilities/fsl_debug_console.o
DbgConsole_Init                                   ./utilities/fsl_debug_console.o
                                                  ./board/board.o
DbgConsole_Printf                                 ./utilities/fsl_debug_console.o
DbgConsole_Putchar                                ./utilities/fsl_debug_console.o
DbgConsole_Scanf                                  ./utilities/fsl_debug_console.o
FGPIO_PinInit                                     ./drivers/fsl_gpio.o
FGPIO_PortClearInterruptFlags                     ./drivers/fsl_gpio.o
FGPIO_PortGetInterruptFlags                       ./drivers/fsl_gpio.o
FLASH_Erase                                       ./drivers/fsl_ftfx_flash.o
FLASH_EraseAll                                    ./drivers/fsl_ftfx_flash.o
FLASH_GetProperty                                 ./drivers/fsl_ftfx_flash.o
FLASH_GetSecurityState                            ./drivers/fsl_ftfx_flash.o
FLASH_Init                                        ./drivers/fsl_ftfx_flash.o
FLASH_IsExecuteOnly                               ./drivers/fsl_ftfx_flash.o
FLASH_IsProtected                                 ./drivers/fsl_ftfx_flash.o
FLASH_PflashGetProtection                         ./drivers/fsl_ftfx_flash.o
FLASH_PflashSetProtection                         ./drivers/fsl_ftfx_flash.o
FLASH_Program                                     ./drivers/fsl_ftfx_flash.o
FLASH_ReadResource                                ./drivers/fsl_ftfx_flash.o
FLASH_SecurityBypass                              ./drivers/fsl_ftfx_flash.o
FLASH_VerifyErase                                 ./drivers/fsl_ftfx_flash.o
FLASH_VerifyEraseAll                              ./drivers/fsl_ftfx_flash.o
FLASH_VerifyProgram                               ./drivers/fsl_ftfx_flash.o
FTFA_DriverIRQHandler                             ./startup/startup_mkl46z4.o
FTFA_IRQHandler                                   ./startup/startup_mkl46z4.o
FTFx_API_Init                                     ./drivers/fsl_ftfx_controller.o
                                                  ./drivers/fsl_ftfx_flash.o
FTFx_CACHE_ClearCachePrefetchSpeculation          ./drivers/fsl_ftfx_cache.o
FTFx_CACHE_Init                                   ./drivers/fsl_ftfx_cache.o
FTFx_CACHE_PflashGetPrefetchSpeculation           ./drivers/fsl_ftfx_cache.o
FTFx_CACHE_PflashSetPrefetchSpeculation           ./drivers/fsl_ftfx_cache.o
                                                  ./drivers/fsl_smc.o
FTFx_CMD_Erase                                    ./drivers/fsl_ftfx_controller.o
                                                  ./drivers/fsl_ftfx_flash.o
FTFx_CMD_EraseAll                                 ./drivers/fsl_ftfx_controller.o
                                                  ./drivers/fsl_ftfx_flash.o
FTFx_CMD_EraseAllExecuteOnlySegments              ./drivers/fsl_ftfx_controller.o
FTFx_CMD_Program                                  ./drivers/fsl_ftfx_controller.o
                                                  ./drivers/fsl_ftfx_flash.o
FTFx_CMD_ProgramOnce                              ./drivers/fsl_ftfx_controller.o
FTFx_CMD_ReadOnce                                 ./drivers/fsl_ftfx_controller.o
FTFx_CMD_ReadResource                             ./drivers/fsl_ftfx_controller.o
                                                  ./drivers/fsl_ftfx_flash.o
FTFx_CMD_SecurityBypass                           ./drivers/fsl_ftfx_controller.o
                                                  ./drivers/fsl_ftfx_flash.o
FTFx_CMD_VerifyErase                              ./drivers/fsl_ftfx_controller.o
                                                  ./drivers/fsl_ftfx_flash.o
FTFx_CMD_VerifyEraseAll                           ./drivers/fsl_ftfx_controller.o
                                                  ./drivers/fsl_ftfx_flash.o
FTFx_CMD_VerifyEraseAllExecuteOnlySegments        ./drivers/fsl_ftfx_controller.o
FTFx_CMD_VerifyProgram                            ./drivers/fsl_ftfx_controller.o
                                                  ./drivers/fsl_ftfx_flash.o
FTFx_REG_GetSecurityState                         ./drivers/fsl_ftfx_controller.o
                                                  ./drivers/fsl_ftfx_flash.o
Flash_Config                                      ./startup/startup_mkl46z4.o
GPIO_PinInit                                      ./drivers/fsl_gpio.o
                                                  ./board/pin_mux.o
                                                  ./source/SD2_board.o
GPIO_PortClearInterruptFlags                      ./drivers/fsl_gpio.o
GPIO_PortGetInterruptFlags                        ./drivers/fsl_gpio.o
HardFault_Handler                                 ./source/semihost_hardfault.o
                                                  ./startup/startup_mkl46z4.o
I2C0_DriverIRQHandler                             ./drivers/fsl_i2c.o
                                                  ./startup/startup_mkl46z4.o
I2C0_IRQHandler                                   ./startup/startup_mkl46z4.o
I2C1_DriverIRQHandler                             ./drivers/fsl_i2c.o
                                                  ./startup/startup_mkl46z4.o
I2C1_IRQHandler                                   ./startup/startup_mkl46z4.o
I2C_DisableInterrupts                             ./drivers/fsl_i2c.o
I2C_EnableInterrupts                              ./drivers/fsl_i2c.o
I2C_GetInstance                                   ./drivers/fsl_i2c.o
I2C_MasterDeinit                                  ./drivers/fsl_i2c.o
I2C_MasterGetDefaultConfig                        ./drivers/fsl_i2c.o
I2C_MasterGetStatusFlags                          ./drivers/fsl_i2c.o
I2C_MasterInit                                    ./drivers/fsl_i2c.o
                                                  ./board/peripherals.o
I2C_MasterReadBlocking                            ./drivers/fsl_i2c.o
I2C_MasterRepeatedStart                           ./drivers/fsl_i2c.o
I2C_MasterSetBaudRate                             ./drivers/fsl_i2c.o
I2C_MasterStart                                   ./drivers/fsl_i2c.o
I2C_MasterStop                                    ./drivers/fsl_i2c.o
I2C_MasterTransferAbort                           ./drivers/fsl_i2c.o
I2C_MasterTransferBlocking                        ./drivers/fsl_i2c.o
I2C_MasterTransferCreateHandle                    ./drivers/fsl_i2c.o
I2C_MasterTransferGetCount                        ./drivers/fsl_i2c.o
I2C_MasterTransferHandleIRQ                       ./drivers/fsl_i2c.o
I2C_MasterTransferNonBlocking                     ./drivers/fsl_i2c.o
I2C_MasterWriteBlocking                           ./drivers/fsl_i2c.o
I2C_SlaveDeinit                                   ./drivers/fsl_i2c.o
I2C_SlaveGetDefaultConfig                         ./drivers/fsl_i2c.o
I2C_SlaveInit                                     ./drivers/fsl_i2c.o
I2C_SlaveReadBlocking                             ./drivers/fsl_i2c.o
I2C_SlaveTransferAbort                            ./drivers/fsl_i2c.o
I2C_SlaveTransferCreateHandle                     ./drivers/fsl_i2c.o
I2C_SlaveTransferGetCount                         ./drivers/fsl_i2c.o
I2C_SlaveTransferHandleIRQ                        ./drivers/fsl_i2c.o
I2C_SlaveTransferNonBlocking                      ./drivers/fsl_i2c.o
I2C_SlaveWriteBlocking                            ./drivers/fsl_i2c.o
I2S0_DriverIRQHandler                             ./startup/startup_mkl46z4.o
I2S0_IRQHandler                                   ./startup/startup_mkl46z4.o
INT2_init                                         ./board/peripherals.o
IO_Deinit                                         ./utilities/fsl_io.o
                                                  ./utilities/fsl_log.o
IO_Init                                           ./utilities/fsl_io.o
                                                  ./utilities/fsl_log.o
IO_Transfer                                       ./utilities/fsl_io.o
                                                  ./utilities/fsl_log.o
IO_WaitIdle                                       ./utilities/fsl_io.o
                                                  ./utilities/fsl_log.o
IntDefaultHandler                                 ./startup/startup_mkl46z4.o
LCD_DriverIRQHandler                              ./startup/startup_mkl46z4.o
LCD_IRQHandler                                    ./startup/startup_mkl46z4.o
LLWU_DriverIRQHandler                             ./startup/startup_mkl46z4.o
LLWU_IRQHandler                                   ./startup/startup_mkl46z4.o
LOG_Deinit                                        ./utilities/fsl_log.o
                                                  ./utilities/fsl_debug_console.o
LOG_Init                                          ./utilities/fsl_log.o
                                                  ./utilities/fsl_debug_console.o
LOG_Pop                                           ./utilities/fsl_log.o
LOG_Push                                          ./utilities/fsl_log.o
                                                  ./utilities/fsl_debug_console.o
LOG_ReadCharacter                                 ./utilities/fsl_log.o
                                                  ./utilities/fsl_debug_console.o
LOG_ReadLine                                      ./utilities/fsl_log.o
                                                  ./utilities/fsl_debug_console.o
LOG_WaitIdle                                      ./utilities/fsl_log.o
                                                  ./utilities/fsl_debug_console.o
LPSCI_ClearStatusFlags                            ./drivers/fsl_lpsci.o
LPSCI_Deinit                                      ./drivers/fsl_lpsci.o
                                                  ./utilities/fsl_io.o
LPSCI_DisableInterrupts                           ./drivers/fsl_lpsci.o
LPSCI_EnableInterrupts                            ./drivers/fsl_lpsci.o
LPSCI_GetDefaultConfig                            ./drivers/fsl_lpsci.o
                                                  ./utilities/fsl_io.o
LPSCI_GetEnabledInterrupts                        ./drivers/fsl_lpsci.o
LPSCI_GetInstance                                 ./drivers/fsl_lpsci.o
LPSCI_GetStatusFlags                              ./drivers/fsl_lpsci.o
                                                  ./utilities/fsl_io.o
LPSCI_Init                                        ./drivers/fsl_lpsci.o
                                                  ./board/peripherals.o
                                                  ./utilities/fsl_io.o
LPSCI_ReadBlocking                                ./drivers/fsl_lpsci.o
                                                  ./utilities/fsl_io.o
LPSCI_SetBaudRate                                 ./drivers/fsl_lpsci.o
LPSCI_TransferAbortReceive                        ./drivers/fsl_lpsci.o
LPSCI_TransferAbortSend                           ./drivers/fsl_lpsci.o
LPSCI_TransferCreateHandle                        ./drivers/fsl_lpsci.o
LPSCI_TransferGetReceiveCount                     ./drivers/fsl_lpsci.o
LPSCI_TransferGetRxRingBufferLength               ./drivers/fsl_lpsci.o
LPSCI_TransferGetSendCount                        ./drivers/fsl_lpsci.o
LPSCI_TransferHandleErrorIRQ                      ./drivers/fsl_lpsci.o
LPSCI_TransferHandleIRQ                           ./drivers/fsl_lpsci.o
LPSCI_TransferReceiveNonBlocking                  ./drivers/fsl_lpsci.o
LPSCI_TransferSendNonBlocking                     ./drivers/fsl_lpsci.o
LPSCI_TransferStartRingBuffer                     ./drivers/fsl_lpsci.o
LPSCI_TransferStopRingBuffer                      ./drivers/fsl_lpsci.o
LPSCI_WriteBlocking                               ./drivers/fsl_lpsci.o
                                                  ./utilities/fsl_io.o
LPTMR0_DriverIRQHandler                           ./startup/startup_mkl46z4.o
LPTMR0_IRQHandler                                 ./startup/startup_mkl46z4.o
LVD_LVW_DriverIRQHandler                          ./startup/startup_mkl46z4.o
LVD_LVW_IRQHandler                                ./startup/startup_mkl46z4.o
MAG_I2C_config                                    ./board/peripherals.o
MAG_I2C_init                                      ./board/peripherals.o
MCG_DriverIRQHandler                              ./startup/startup_mkl46z4.o
MCG_IRQHandler                                    ./startup/startup_mkl46z4.o
MefCalleSecundaria                                ./source/MEF_CALLE_SECUNDARIA.o
                                                  ./source/MEF_SUPER.o
MefCalleSecundaria_init                           ./source/MEF_CALLE_SECUNDARIA.o
                                                  ./source/MEF_SUPER.o
MefCalleSecundaria_periodicTask1ms                ./source/MEF_CALLE_SECUNDARIA.o
                                                  ./source/MEF_SUPER.o
MefMain                                           ./source/MEF_MAIN.o
                                                  ./source/MEF_SUPER.o
MefMain_periodicTask1ms                           ./source/MEF_MAIN.o
                                                  ./source/MEF_SUPER.o
MefMain_reset                                     ./source/MEF_MAIN.o
                                                  ./source/MEF_SUPER.o
MefPeaton                                         ./source/MEF_PEATON.o
                                                  ./source/MEF_SUPER.o
MefPeaton_init                                    ./source/MEF_PEATON.o
                                                  ./source/MEF_SUPER.o
MefPeaton_periodicTask1ms                         ./source/MEF_PEATON.o
                                                  ./source/MEF_SUPER.o
MefSuper                                          ./source/MEF_SUPER.o
                                                  ./source/main.o
MefSuper_decreaseCarsWaiting                      ./source/MEF_SUPER.o
                                                  ./source/MEF_PEATON.o
                                                  ./source/MEF_MAIN.o
                                                  ./source/MEF_CALLE_SECUNDARIA.o
MefSuper_getCarsCrossed                           ./source/MEF_SUPER.o
MefSuper_getCarsWaiting                           ./source/MEF_SUPER.o
                                                  ./source/MEF_PEATON.o
                                                  ./source/MEF_MAIN.o
                                                  ./source/MEF_CALLE_SECUNDARIA.o
MefSuper_increaseCarsCrossed                      ./source/MEF_SUPER.o
                                                  ./source/MEF_PEATON.o
                                                  ./source/MEF_MAIN.o
                                                  ./source/MEF_CALLE_SECUNDARIA.o
MefSuper_increaseCarsWaiting                      ./source/MEF_SUPER.o
                                                  ./source/MEF_PEATON.o
                                                  ./source/MEF_MAIN.o
                                                  ./source/MEF_CALLE_SECUNDARIA.o
MefSuper_periodicTask1ms                          ./source/MEF_SUPER.o
                                                  ./source/main.o
NMI_Handler                                       ./startup/startup_mkl46z4.o
PIT_DriverIRQHandler                              ./startup/startup_mkl46z4.o
PIT_IRQHandler                                    ./startup/startup_mkl46z4.o
PORTA_DriverIRQHandler                            ./startup/startup_mkl46z4.o
PORTA_IRQHandler                                  ./startup/startup_mkl46z4.o
PORTC_PORTD_DriverIRQHandler                      ./startup/startup_mkl46z4.o
PORTC_PORTD_IRQHandler                            ./startup/startup_mkl46z4.o
PendSV_Handler                                    ./startup/startup_mkl46z4.o
RTC_DriverIRQHandler                              ./startup/startup_mkl46z4.o
RTC_IRQHandler                                    ./startup/startup_mkl46z4.o
RTC_Seconds_DriverIRQHandler                      ./startup/startup_mkl46z4.o
RTC_Seconds_IRQHandler                            ./startup/startup_mkl46z4.o
Reserved20_DriverIRQHandler                       ./startup/startup_mkl46z4.o
Reserved20_IRQHandler                             ./startup/startup_mkl46z4.o
ResetISR                                          ./startup/startup_mkl46z4.o
SDK_Free                                          ./drivers/fsl_common.o
SDK_Malloc                                        ./drivers/fsl_common.o
SMC_PostExitStopModes                             ./drivers/fsl_smc.o
SMC_PostExitWaitModes                             ./drivers/fsl_smc.o
SMC_PreEnterStopModes                             ./drivers/fsl_smc.o
SMC_PreEnterWaitModes                             ./drivers/fsl_smc.o
SMC_SetPowerModeLls                               ./drivers/fsl_smc.o
SMC_SetPowerModeRun                               ./drivers/fsl_smc.o
SMC_SetPowerModeStop                              ./drivers/fsl_smc.o
SMC_SetPowerModeVlls                              ./drivers/fsl_smc.o
SMC_SetPowerModeVlpr                              ./drivers/fsl_smc.o
                                                  ./board/clock_config.o
SMC_SetPowerModeVlps                              ./drivers/fsl_smc.o
SMC_SetPowerModeVlpw                              ./drivers/fsl_smc.o
SMC_SetPowerModeWait                              ./drivers/fsl_smc.o
SPI0_DriverIRQHandler                             ./startup/startup_mkl46z4.o
SPI0_IRQHandler                                   ./startup/startup_mkl46z4.o
SPI1_DriverIRQHandler                             ./startup/startup_mkl46z4.o
SPI1_IRQHandler                                   ./startup/startup_mkl46z4.o
SVC_Handler                                       ./startup/startup_mkl46z4.o
StrFormatPrintf                                   ./utilities/fsl_str.o
                                                  ./utilities/fsl_debug_console.o
StrFormatScanf                                    ./utilities/fsl_str.o
                                                  ./utilities/fsl_debug_console.o
SysTick_Handler                                   ./source/main.o
                                                  ./startup/startup_mkl46z4.o
SystemCoreClock                                   ./CMSIS/system_MKL46Z4.o
                                                  ./board/clock_config.o
                                                  ./source/main.o
SystemCoreClockUpdate                             ./CMSIS/system_MKL46Z4.o
SystemInit                                        ./CMSIS/system_MKL46Z4.o
                                                  ./startup/startup_mkl46z4.o
SystemInitHook                                    ./CMSIS/system_MKL46Z4.o
TPM0_DriverIRQHandler                             ./startup/startup_mkl46z4.o
TPM0_IRQHandler                                   ./startup/startup_mkl46z4.o
TPM1_DriverIRQHandler                             ./startup/startup_mkl46z4.o
TPM1_IRQHandler                                   ./startup/startup_mkl46z4.o
TPM2_DriverIRQHandler                             ./startup/startup_mkl46z4.o
TPM2_IRQHandler                                   ./startup/startup_mkl46z4.o
TSI0_DriverIRQHandler                             ./startup/startup_mkl46z4.o
TSI0_IRQHandler                                   ./startup/startup_mkl46z4.o
UART0_DriverIRQHandler                            ./drivers/fsl_lpsci.o
                                                  ./startup/startup_mkl46z4.o
UART0_IRQHandler                                  ./startup/startup_mkl46z4.o
UART1_DriverIRQHandler                            ./drivers/fsl_uart.o
                                                  ./startup/startup_mkl46z4.o
UART1_IRQHandler                                  ./startup/startup_mkl46z4.o
UART1_RX_TX_DriverIRQHandler                      ./drivers/fsl_uart.o
UART2_DriverIRQHandler                            ./drivers/fsl_uart.o
                                                  ./startup/startup_mkl46z4.o
UART2_IRQHandler                                  ./startup/startup_mkl46z4.o
UART2_RX_TX_DriverIRQHandler                      ./drivers/fsl_uart.o
UART_ClearStatusFlags                             ./drivers/fsl_uart.o
UART_Deinit                                       ./drivers/fsl_uart.o
                                                  ./utilities/fsl_io.o
UART_DisableInterrupts                            ./drivers/fsl_uart.o
UART_EnableInterrupts                             ./drivers/fsl_uart.o
UART_GetDefaultConfig                             ./drivers/fsl_uart.o
                                                  ./utilities/fsl_io.o
UART_GetEnabledInterrupts                         ./drivers/fsl_uart.o
UART_GetInstance                                  ./drivers/fsl_uart.o
UART_GetStatusFlags                               ./drivers/fsl_uart.o
                                                  ./utilities/fsl_io.o
UART_Init                                         ./drivers/fsl_uart.o
                                                  ./utilities/fsl_io.o
UART_ReadBlocking                                 ./drivers/fsl_uart.o
                                                  ./utilities/fsl_io.o
UART_SetBaudRate                                  ./drivers/fsl_uart.o
UART_TransferAbortReceive                         ./drivers/fsl_uart.o
UART_TransferAbortSend                            ./drivers/fsl_uart.o
UART_TransferCreateHandle                         ./drivers/fsl_uart.o
UART_TransferGetReceiveCount                      ./drivers/fsl_uart.o
UART_TransferGetRxRingBufferLength                ./drivers/fsl_uart.o
UART_TransferGetSendCount                         ./drivers/fsl_uart.o
UART_TransferHandleErrorIRQ                       ./drivers/fsl_uart.o
UART_TransferHandleIRQ                            ./drivers/fsl_uart.o
UART_TransferReceiveNonBlocking                   ./drivers/fsl_uart.o
UART_TransferSendNonBlocking                      ./drivers/fsl_uart.o
UART_TransferStartRingBuffer                      ./drivers/fsl_uart.o
UART_TransferStopRingBuffer                       ./drivers/fsl_uart.o
UART_WriteBlocking                                ./drivers/fsl_uart.o
                                                  ./utilities/fsl_io.o
USB0_DriverIRQHandler                             ./startup/startup_mkl46z4.o
USB0_IRQHandler                                   ./startup/startup_mkl46z4.o
_Csys_alloc                                       c:/nxp/mcuxpressoide_11.6.1_8255/ide/plugins/com.nxp.mcuxpresso.tools.win32_11.6.1.202207200623/tools/bin/../lib/gcc/arm-none-eabi/10.3.1/../../../../arm-none-eabi/lib/thumb/v6-m/nofp\libcr_c.a(alloc.o)
                                                  c:/nxp/mcuxpressoide_11.6.1_8255/ide/plugins/com.nxp.mcuxpresso.tools.win32_11.6.1.202207200623/tools/bin/../lib/gcc/arm-none-eabi/10.3.1/../../../../arm-none-eabi/lib/thumb/v6-m/nofp\libcr_c.a(_deferredlazyseek.o)
_Cwritebuf                                        c:/nxp/mcuxpressoide_11.6.1_8255/ide/plugins/com.nxp.mcuxpresso.tools.win32_11.6.1.202207200623/tools/bin/../lib/gcc/arm-none-eabi/10.3.1/../../../../arm-none-eabi/lib/thumb/v6-m/nofp\libcr_c.a(_writebuf.o)
                                                  c:/nxp/mcuxpressoide_11.6.1_8255/ide/plugins/com.nxp.mcuxpresso.tools.win32_11.6.1.202207200623/tools/bin/../lib/gcc/arm-none-eabi/10.3.1/../../../../arm-none-eabi/lib/thumb/v6-m/nofp\libcr_c.a(_fflush.o)
                                                  c:/nxp/mcuxpressoide_11.6.1_8255/ide/plugins/com.nxp.mcuxpresso.tools.win32_11.6.1.202207200623/tools/bin/../lib/gcc/arm-none-eabi/10.3.1/../../../../arm-none-eabi/lib/thumb/v6-m/nofp\libcr_c.a(_deferredlazyseek.o)
__Ciob                                            c:/nxp/mcuxpressoide_11.6.1_8255/ide/plugins/com.nxp.mcuxpresso.tools.win32_11.6.1.202207200623/tools/bin/../lib/gcc/arm-none-eabi/10.3.1/../../../../arm-none-eabi/lib/thumb/v6-m/nofp\libcr_nohost_nf.a(__ciob.o)
                                                  c:/nxp/mcuxpressoide_11.6.1_8255/ide/plugins/com.nxp.mcuxpresso.tools.win32_11.6.1.202207200623/tools/bin/../lib/gcc/arm-none-eabi/10.3.1/../../../../arm-none-eabi/lib/thumb/v6-m/nofp\libcr_c.a(fflush.o)
                                                  c:/nxp/mcuxpressoide_11.6.1_8255/ide/plugins/com.nxp.mcuxpresso.tools.win32_11.6.1.202207200623/tools/bin/../lib/gcc/arm-none-eabi/10.3.1/../../../../arm-none-eabi/lib/thumb/v6-m/nofp\libcr_c.a(initio.o)